[    00000] Initializing cgroup subsys cpuset
[  0000000] Initializing cgroup subsys cpu
[    0.000000] Initializing cgroup subsys cpuacct
[  0.000000] Linux version 4.4.0-75-generic (buildd@lgw01-21) (gcc version 5.4.0 20160609 (Ubuntu 5.4.0-6ubuntu1~16.04.4) ) #96-Ubuntu SMP Thu Apr 20 09:56:33 UTC 2017 (Ubuntu 4.4.0-75.96-generic 4.4.59)
[    0.0000] Command line: BOOT_IMAGE=/boot/vmlinuz-4.4.0-75-generic root=LABEL=cloudimg-rootfs ro console=tty1 console=ttyS0
[  0000000] KERNEL supported cpus:

[    0.000000]   Intel GenuineIntel
[    0.000000]   AMD AuthenticAMD
[    0.000000]   Cntau CtaurHaul
    0.000000] x86/fpu: xstate_offset[2]:  576, xstate_sizes[2]:  256
[  0000000] x86/fpu: Supporting XSAVE feature 0x01: 'x87 floatin pnt registers'
[    0.000000] x86/fpu: Supporting XSAVE feature 0x02: 'SSE registers'
[   0.000000] x86/fpu: Supporting XSAVE feature 0x04: 'AVX registers'
[    .0000]x8fpu: Enabled xstate features 0x7, context size is 832 bytes, using 'standard' format.
[    0.000000] x86/fpu: Using 'lazy' FPU context switches.
[    0.000000] e820: BIOS-provided physical RAM map:
[    0.000000] BIOS-e820: [mem x0000000000000000-0x000000000009fbff] usable
[  0.000000] BIOS-e820: [mem 0x000000000009fc00-0x000000000009ffff] reserved
[    0.000000] BIOS-e820: [mem 0x00000000000f0000-0x00000000000fffff] reserved
[    0.000000] BIOS-e820: [mem 0x0000000000100000-0x000000003ffeffff] usable
[    0.000000] BIOS-e820: [mem 0x000000003fff0000-0x000000003fffffff] ACPI data
[   0.000000] BIOS-e820: [mem 0x00000000fffc0000-0x00000000ffffffff] reserved
[    0.000000] NX (Execute Disable) protection: active
[    0.000000] SMBIOS 2.5 present.
[    0.000000] Hypervisor detected: KVM
[    0.000000] e820: last_pfn = 0x3fff0 max_arch_pfn = 0x400000
[  0000000] MTRR: Disabled
[    0.000000] x86/PAT: MTRRs disabled, skipping PAT initialization too.
[   000000] x86/PAT: Configuration [0-7]: WB  WT  UC- UC  WB  WT  UC- UC  
[   0.00000] CPU MTRRs all blank - virtualized system.
[    0.000] foud MP MP-table at [mem 0x0009fff0-0x0009ffff] mapped at [ffff88000009fff0]
[    0.000000] Scanning 1 areas for low memory corruption
[   0.00000 RAMDISK: [mem 0x36ac8000-0x3755bfff]
[    0.000000] ACPI: Eay table checksum verification disabled
[    0.000000] ACPI: RP x00000000000E0000 000024 (v02 VBOX  )
[    0.0000000 API: XSDT 0x000000003FFF0030 00003C (v01 VBOX   VBOXXSDT 00000001 ASL  00000061)
[    0.000000] ACPI: FACP 0x000000003FFF00F0 0000F4 (v04 VBOX   VBOXFACP 00000001 ASL  00000061)
[    0.000000] ACPI: DSDT 0x000000003FFF0470 002118 (v01 VBOX   VBOXBIOS 0000002INL 201052)
[    0.000000] ACPI: FACS 0x000000003FFF20 000040
[    0.000000] ACPI: FACS 0x000000003FFF0200 000040
[    0.000000]ACI: API0x0000003FFF0240 00005C (v02 VBOX   VBOXAPIC 00000001 ASL  00000061)
[    0.000000] ACPI: SSDT 0x000000003FFF02A0 0001CC (v01 VBOX   VBOXCPUT 00000002 INTL 20100528)
[    0.000000] No NUMA configuration found
[    0.000000] Faking a node at [mem 0x000000000000000x000000003ffeffff]
[    0.000000] NODE_DATA(0) allocated [mem 0x3ffeb000-0x3ffeffff]
[    0.000000] kvm-clock: Using msrs 4b564d01 and 4b564d00
[    0.000000] kvm-clock: cpu 0, msr 0:3ffe3001, primary cpu clock
[    0.000000] kvm-clock: using sched offset of 3072858294 cycles
[    0.000000] clocksource: kvm-clock: mask: 0xffffffffffffffff max_cycles: 0x1cd42e4dffb, max_idle_ns: 881590591483 ns
[    0.000000] Zone ranges:
[    0.000000]   DMA      [mem 0x0000000000001000-0x0000000000ffffff]
[    0.000000]   DMA32    [mem 0x0000000001000000-0x000000003ffeffff]
[    0.000000]   Normal   empty
[    0.000000]   Device   empty
[    0.000000] Movable zone start for each node
[    0.000000] Early memory node ranges
[    0.000000]   node   0: [mem 0x0000000000001000-0x000000000009efff]
[    0.000000]   node   0: [mem 0x0000000000100000-0x000000003ffeffff]
[    0.000000] Initmem setup node 0 [mem 0x0000000000001000-0x000000003ffeffff]
[  0.000000] ACPI: PM-Timer IO Port: 0x4008
[    0.000000] IOAPIC[0]: apic_id 2, version 17, address 0xfec00000, GSI 0-23
[    0.000000] ACPI: INT_SRC_OVR (bus 0 bus_irq 0 global_irq 2 dfl dfl)
[    0.000000] ACPI: INT_SRC_OVR (bus 0 bus_irq 9 global_irq 9 high level)
[    0.000000] Using ACPI (MADT) for SMP configuration information
[    0.000000] smpboot: Allowing 2 CPUs, 0 hotplug CPUs
[    0.000000] PM: Registered nosave memory: [mem 0x00000000-0x00000fff]
[    0.000000] PM: Registered nosave memory: [mem 0x0009f000-0x0009ffff]
[    0.000000] PM: Registered nosave memory: [mem 0x000a0000-0x000effff]
[    0.000000] PM: Registered nosave memory: [mem 0x000f0000-0x000fffff]
[    0.000000] e820: [mem 0x40000000-0xfffbffff] available for PCI devices
[    0.000000] Booting paravirtualized kernel on KVM
[    0.000000] clocksource: refined-jiffies: mask: 0xffffffff max_cycles: 0xffffffff, max_idle_ns: 7645519600211568 ns
[   .00000setup_percpu: NR_CPUS:512 nr_cpumask_bits:512 nr_cpu_ids:2 nr_node_ids:1
[  0.000000 PERPUEmbedd 3 pages/cpu @ffff88003fc00000 s9826r892 d28712 u1048576
[    0.000000] PV qspinlock hash table entries: 256 (order: 0, 4096 bytes)
[    0.000000] Built 1 zonelists iNoe oer mbity grouping on.  Total pages: 257913
[  0000000] Policy zone: DMA32
[    0.000000] Kernel command line: BOOT_IMAGE=/boot/vmlinuz-4.4.0-75-generic root=LABEL=cloudimg-rootfs ro console=tty1 console=ttyS0
[  0.000] PID hash table entries: 4096 (order: 3, 32768 bytes)
[  000000] emory: 1001748K/1048120K available (8449K kernel code, 1294K rwdata, 3980K rodata, 1484K init, 1316K bss, 46372K reserved, 0 cmareserved)
[    0.00000] LU: HWalign=64, Order=0-3, MinObjects=0, CPUs=2, Nodes=1
[  0000000] Hierarchical RCU implementation.
[  0000000] 	Buldime djutmnt f af fanout to 64.
[   0.0000] 	RCU restricting CPUs from NR_CPUS=512 to nr_cpu_ids=2.
[    0.000000] RCU: Adjusting geometry for rcu_fanout_leaf=64, nr_cpu_ids=2
[    0.000000] NR_IRQS:33024 nr_irqs:440 16
[    0.000000] Console: colour VGA+ 80x25
[    0.000000] console [tt] nabled
[    0.000000] console [ttyS0] enabled
[  0000000] tsc: Detected 2793.634 MHz processor
[    3.254753] Calibrating delay loop (skipped) preset value.. 5587.26 BogoMIPS (lpj=11174536)
[    3.278265] pid_max: default: 32768 minimum: 301
[    3.285205] ACPI: Core revision 20150930
[    3.288162] ACPI: 2 ACPI AML tables successfully acquired and loaded
[    3.304800] Security Framework initialized
[    3.311795] Yama: becoming mindful.
[    3.316885] AppArmor: AppArmor initialized
[    3.343865] Dentry cache hash table entries: 131072 (order: 8, 1048576 bytes)
[    3.366760] Inode-cache hash table entries: 65536 (order: 7, 524288 bytes)
[    3.419792] Mount-cache hash table entries: 2048 (order: 2, 16384 bytes)
[    3.422867] Mountpoint-cache hash table entries: 2048 (order: 2, 16384 bytes)
[    3.431217] Initializing cgroup subsys io
[    3.443705] Initializing cgroup subsys memory
[    3.445055] Initializing cgroup subsys devices
[    3.455974] Initializing cgroup subsys freezer
[    3.457311] Initializing cgroup subsys net_cls
[    3.458501] Initializing cgroup subsys perf_event
[    3.459551] Initializing cgroup subsys net_prio
[    3.460571] Initializing cgroup subsys hugetlb
[    3.468537] Initializing cgroup subsys pids
[    3.482670] CPU: Physical Processor ID: 0
[    3.483908] CPU: Processor Core ID: 0
[    3.485092] mce: CPU supports 0 MCE banks
[    3.511484] Last level iTLB entries: 4KB 512, 2MB 8, 4MB 8
[    3.534603] Last level dTLB entries: 4KB 512, 2MB 32, 4MB 32, 1GB 0
[    3.543304] Freeing SMP alternatives memory: 32K (ffffffff820b8000 - ffffffff820c0000)
[    3.567961] ftrace: allocating 32117 entries in 126 pages
[    3.620635] smpboot: APIC(0) Converting physical 0 to logical package 0
[    3.629447] smpboot: Max logical packages: 1
[    3.631740] ..TIMER: vector=0x30 apic1=0 pin1=2 apic2=-1 pin2=-1
[    3.757588] smpboot: CPU0: Intel(R) Core(TM) i7-2640M CPU @ 2.80GHz (family: 0x6, model: 0x2a, stepping: 0x7)
[    3.800137] Performance Events: unsupported p6 CPU model 42 no PMU driver, software events only.
[    3.867027] KVM setup paravirtual spinlock
[    3.891512] x86: Booting SMP configuration:
[    3.897895] .... node  #0, CPUs:      #1
[    3.920243] kvm-clock: cpu 1, msr 0:3ffe3041, secondary cpu clock
[    3.921870] mce: CPU supports 0 MCE banks
[    3.924872] x86: Booted up 1 node, 2 CPUs
[    3.930364] smpboot: Total of 2 processors activated (11174.53 BogoMIPS)
[    3.932302] devtmpfs: initialized
[    3.944058] evm: security.selinux
[    3.950463] evm: security.SMACK64
[    3.959151] evm: security.SMACK64EXEC
[    3.965618] evm: security.SMACK64TRANSMUTE
[    3.983011] evm: security.SMACK64MMAP
[    3.984176] evm: security.ima
[    3.985144] evm: security.capability
[    3.990624] clocksource: jiffies: mask: 0xffffffff max_cycles: 0xffffffff, max_idle_ns: 7645041785100000 ns
[    3.995742] futex hash table entries: 512 (order: 3, 32768 bytes)
[    4.006978] pinctrl core: initialized pinctrl subsystem
[    4.013749] RTC time: 18:24:15, date: 04/27/17
[    4.038139] NET: Registered protocol family 16
[    4.054110] cpuidle: using governor ladder
[    4.090072] cpuidle: using governor menu
[    4.106539] PCCT header not found.
[    4.107465] ACPI: bus type PCI registered
[    4.119185] acpiphp: ACPI Hot Plug PCI Controller Driver version: 0.5
[    4.130992] PCI: Using configuration type 1 for base access
[    4.154822] ACPI: Added _OSI(Module Device)
[    4.163896] ACPI: Added _OSI(Processor Device)
[    4.164909] ACPI: Added _OSI(3.0 _SCP Extensions)
[    4.174923] ACPI: Added _OSI(Processor Aggregator Device)
[    4.182257] ACPI: Executed 1 blocks of module-level executable AML code
[    4.191419] ACPI: Interpreter enabled
[    4.198297] ACPI: (supports S0 S5)
[    4.199373] ACPI: Using IOAPIC for interrupt routing
[    4.200945] PCI: Using host bridge windows from ACPI; if necessary, use "pci=nocrs" and report a bug
[    4.218516] ACPI: PCI Root Bridge [PCI0] (domain 0000 [bus 00-ff])
[    4.227743] acpi PNP0A03:00: _OSC: OS supports [ASPM ClockPM Segments MSI]
[    4.234765] acpi PNP0A03:00: _OSC failed (AE_NOT_FOUND); disabling ASPM
[    4.241607] acpi PNP0A03:00: fail to add MMCONFIG information, can't access extended PCI configuration space under this bridge.
[    4.257845] PCI host bridge to bus 0000:00
[    4.262854] pci_bus 0000:00: root bus resource [io  0x0000-0x0cf7 window]
[    4.287538] pci_bus 0000:00: root bus resource [io  0x0d00-0xffff window]
[    4.312462] pci_bus 0000:00: root bus resource [mem 0x000a0000-0x000bffff window]
[    4.323496] pci_bus 0000:00: root bus resource [mem 0x40000000-0xffdfffff window]
[    4.335363] pci_bus 0000:00: root bus resource [bus 00-ff]
[    4.345694] pci 0000:00:01.1: legacy IDE quirk: reg 0x10: [io  0x01f0-0x01f7]
[    4.355147] pci 0000:00:01.1: legacy IDE quirk: reg 0x14: [io  0x03f6]
[    4.378301] pci 0000:00:01.1: legacy IDE quirk: reg 0x18: [io  0x0170-0x0177]
[    4.385166] pci 0000:00:01.1: legacy IDE quirk: reg 0x1c: [io  0x0376]
[    4.419155] ACPI: PCI Interrupt Link [LNKA] (IRQs 5 9 10 11) *0, disabled.
[    4.458287] ACPI: PCI Interrupt Link [LNKB] (IRQs 5 9 10 *11)
[    4.464501] ACPI: PCI Interrupt Link [LNKC] (IRQs 5 9 *10 11)
[    4.478714] ACPI: PCI Interrupt Link [LNKD] (IRQs 5 *9 10 11)
[    4.492706] ACPI: Enabled 2 GPEs in block 00 to 07
[    4.513323] vgaarb: setting as boot device: PCI:0000:00:02.0
[    4.525191] vgaarb: device added: PCI:0000:00:02.0,decodes=io+mem,owns=io+mem,locks=none
[    4.537191] vgaarb: loaded
[    4.543533] vgaarb: bridge control possible 0000:00:02.0
[    4.545296] SCSI subsystem initialized
[    4.574943] ACPI: bus type USB registered
[    4.584027] usbcore: registered new interface driver usbfs
[    4.592578] usbcore: registered new interface driver hub
[    4.599533] usbcore: registered new device driver usb
[    4.602467] PCI: Using ACPI for IRQ routing
[    4.603750] NetLabel: Initializing
[    4.625184] NetLabel:  domain hash size = 128
[    4.647119] NetLabel:  protocols = UNLABELED CIPSOv4
[    4.677972] NetLabel:  unlabeled traffic allowed by default
[    4.684824] amd_nb: Cannot enumerate AMD northbridges
[    4.701390] clocksource: Switched to clocksource kvm-clock
[    4.711102] AppArmor: AppArmor Filesystem Enabled
[    4.718277] pnp: PnP ACPI init
[  4205] pp: PnP ACPI: found 3 devices
[   .9385 cckure: acpi_pm: mask: 0xffffff max_cycles: 0xffffff, max_idle_ns: 2085701024 ns
[    5.231315] NET: Registered protocol family 2
[    5.232722] TCP established hash table entries: 8192 (order: 4, 65536 bytes)
[    5.235324] TCP bind hash table entries: 8192 (order: 5, 131072 bytes)
[  5387]CPHah bl cfire(eabshd 8192 bind 8192)
[  5196] UDP hash tableentie 5 (de 2164 te
  6.576417] UDP-Lite hash table entries: 512 (order: 2, 138bys)
[   6.846973] NET: Registered protocol family 1
[    6.903139] pci 0000:00:00.0: Limiting direct PCI/PCI transfers
[    6.905796] pci 0000:00:01.0: Activating ISA DMA hang workarounds

[    6.909719] Unpacking initramfs...
[    8.743294] Freeing initrd memory: 10832K (ffff880036ac8000 - ffff88003755c000)
[    8.777159] RAPL PMU detected, API unit is 2^-32 Joules, 3 fixed counters 10737418240 ms ovfl timer
[    8.836836] hw unit of domain pp0-core 2^-0 Joules
[    8.866763] hw unit of domain package 2^-0 Joules
[    8.867831] hw unit of domain pp1-gpu 2^-0 Joules
[    8.875930] platform rtc_cmos: registered platform RTC device (no PNP device found)
[    8.967195] Scanning for low memory corruption every 60 seconds
[    9.029406] audit: initializing netlink subsys (disabled)
[    9.066901] audit: type=2000 audit(1493317460.275:1): initialized
[    9.091285] Initialise system trusted keyring
[    9.117066] HugeTLB registered 2 MB page size, pre-allocated 0 pages
[    9.127196] zbud: loaded
[    9.147152] VFS: Disk quotas dquot_6.6.0
[    9.206566] VFS: Dquot-cache hash table entries: 512 (order 0, 4096 bytes)
[    9.215348] squashfs: version 4.0 (2009/01/31) Phillip Lougher
[    9.228891] fuse init (API version 7.23)
[    9.320625] Key type big_key registered
[    9.332231] Allocating IMA MOK and blacklist keyrings.
[    9.382478] Key type asymmetric registered
[    9.406523] Asymmetric key parser 'x509' registered
[    9.411091] Block layer SCSI generic (bsg) driver version 0.4 loaded (major 249)
[    9.423848] io scheduler noop registered
[    9.436354] io scheduler deadline registered (default)
[    9.443316] io scheduler cfq registered
[    9.450121] pci_hotplug: PCI Hot Plug PCI Core version: 0.5
[    9.459451] pciehp: PCI Express Hot Plug Controller Driver version: 0.4
[    9.477349] ACPI: AC Adapter [AC] (on-line)
[    9.480643] input: Power Button as /devices/LNXSYSTM:00/LNXPWRBN:00/input/input0
[    9.493221] ACPI: Power Button [PWRF]
[    9.504814] input: Sleep Button as /devices/LNXSYSTM:00/LNXSLPBN:00/input/input1
[    9.567188] ACPI: Sleep Button [SLPF]
[    9.599868] ACPI: Battery Slot [BAT0] (battery present)
[    9.627545] GHES: HEST is not enabled!
[    9.644431] Serial: 8250/16550 driver, 32 ports, IRQ sharing enabled
[    9.693709] 00:02: ttyS0 at I/O 0x3f8 (irq = 4, base_baud = 115200) is a 16550A
[    9.708501] Linux agpgart interface v0.103
[    9.741052] loop: module loaded
[    9.743819] scsi host0: ata_piix
[    9.762936] scsi host1: ata_piix
[    9.777479] ata1: PATA max UDMA/33 cmd 0x1f0 ctl 0x3f6 bmdma 0xd000 irq 14
[    9.796937] ata2: PATA max UDMA/33 cmd 0x170 ctl 0x376 bmdma 0xd008 irq 15
[    9.808095] libphy: Fixed MDIO Bus: probed
[    9.810793] tun: Universal TUN/TAP device driver, 1.6
[    9.819333] tun: (C) 1999-2004 Max Krasnyansky <maxk@qualcomm.com>
[    9.837257] PPP generic driver version 2.4.2
[    9.847009] ehci_hcd: USB 2.0 'Enhanced' Host Controller (EHCI) Driver
[    9.848357] ehci-pci: EHCI PCI platform driver
[    9.860360] ehci-platform: EHCI generic platform driver
[    9.902374] tsc: Refined TSC clocksource calibration: 2793.628 MHz
[    9.916663] clocksource: tsc: mask: 0xffffffffffffffff max_cycles: 0x2844bd2eabe, max_idle_ns: 440795246704 ns
[    9.916726] ohci_hcd: USB 1.1 'Open' Host Controller (OHCI) Driver
[    9.916739] ohci-pci: OHCI PCI platform driver
[    9.916751] ohci-platform: OHCI generic platform driver
[    9.916760] uhci_hcd: USB Universal Host Controller Interface driver
[    9.916824] i8042: PNP: PS/2 Controller [PNP0303:PS2K,PNP0f03:PS2M] at 0x60,0x64 irq 1,12
[    9.917302] serio: i8042 KBD port at 0x60,0x64 irq 1
[    9.917308] serio: i8042 AUX port at 0x60,0x64 irq 12
[    9.922694] mousedev: PS/2 mouse device common for all mice
[    9.923365] input: AT Translated Set 2 keyboard as /devices/platform/i8042/serio0/input/input2
[    9.924181] rtc_cmos rtc_cmos: rtc core: registered rtc_cmos as rtc0
[    9.924292] rtc_cmos rtc_cmos: alarms up to one day, 114 bytes nvram
[    9.924304] i2c /dev entries driver
[    9.924396] device-mapper: uevent: version 1.0.3
[    9.924487] device-mapper: ioctl: 4.34.0-ioctl (2015-10-28) initialised: dm-devel@redhat.com
[    9.924522] ledtrig-cpu: registered to indicate activity on CPUs
[    9.925009] NET: Registered protocol family 10
[    9.925264] NET: Registered protocol family 17
[    9.925438] Key type dns_resolver registered
[    9.925911] microcode: CPU0 sig=0x206a7, pf=0x10, revision=0x0
[    9.928189] microcode: CPU1 sig=0x206a7, pf=0x10, revision=0x0
[    9.928236] microcode: Microcode Update Driver: v2.01 <tigran@aivazian.fsnet.co.uk>, Peter Oruba
[    9.928409] registered taskstats version 1
[    9.928427] Loading compiled-in X.509 certificates
[    9.929477] Loaded X.509 cert 'Build time autogenerated kernel key: c2fea74804032151001b764dbf9eab8df960fa59'
[    9.929504] zswap: loaded using pool lzo/zbud
[    9.931484] Key type trusted registered
[    9.934153] Key type encrypted registered
[    9.934158] AppArmor: AppArmor sha1 policy hashing enabled
[    9.934161] ima: No TPM chip found, activating TPM-bypass!
[    9.934179] evm: HMAC attrs: 0x1
[    9.934552]   Magic number: 13:301:444
[    9.935653] rtc_cmos rtc_cmos: setting system clock to 2017-04-27 18:24:21 UTC (1493317461)
[    9.935731] BIOS EDD facility v0.16 2004-Jun-25, 0 devices found
[    9.935731] EDD information not available.
[   10.909153] Freeing unused kernel memory: 1484K (ffffffff81f45000 - ffffffff820b8000)
[   10.920456] Write protecting the kernel read-only data: 14336k
[   11.939036] Freeing unused kernel memory: 1780K (ffff880001843000 - ffff880001a00000)
[   11.955266] Freeing unused kernel memory: 116K (ffff880001de3000 - ffff880001e00000)
Loading, please wait...
starting version 229
[   11.980691] random: udevadm: uninitialized urandom read (16 bytes read, 3 bits of entropy available)
[   11.980884] random: systemd-udevd: uninitialized urandom read (16 bytes read, 3 bits of entropy available)
[   11.980957] random: systemd-udevd: uninitialized urandom read (16 bytes read, 3 bits of entropy available)
[   11.980968] random: systemd-udevd: uninitialized urandom read (16 bytes read, 3 bits of entropy available)
[   11.980982] random: systemd-udevd: uninitialized urandom read (16 bytes read, 3 bits of entropy available)
[   12.428078] random: udevadm: uninitialized urandom read (16 bytes read, 3 bits of entropy available)
[   12.435884] random: udevadm: uninitialized urandom read (16 bytes read, 3 bits of entropy available)
[   12.459498] random: udevadm: uninitialized urandom read (16 bytes read, 3 bits of entropy available)
[   12.485900] random: udevadm: uninitialized urandom read (16 bytes read, 3 bits of entropy available)
[   12.488855] random: udevadm: uninitialized urandom read (16 bytes read, 3 bits of entropy available)
[   12.559724] e1000: Intel(R) PRO/1000 Network Driver - version 7.3.21-k8-NAPI
[   12.630696] e1000: Copyright (c) 1999-2006 Intel Corporation.
[   12.649148] Fusion MPT base driver 3.04.20
[   12.706502] Copyright (c) 1999-2008 LSI Corporation
[   12.735979] Fusion MPT SPI Host driver 3.04.20
[   12.803477] AVX version of gcm_enc/dec engaged.
[   12.809559] AES CTR mode by8 optimization enabled
[   12.860368] input: ImExPS/2 Generic Explorer Mouse as /devices/platform/i8042/serio1/input/input4
[   13.158143] e1000 0000:00:03.0 eth0: (PCI:33MHz:32-bit) 02:4f:95:56:f8:14
[   13.167644] e1000 0000:00:03.0 eth0: Intel(R) PRO/1000 Network Connection
[   13.577608] e1000 0000:00:08.0 eth1: (PCI:33MHz:32-bit) 08:00:27:a9:aa:bd
[   13.586490] e1000 0000:00:08.0 eth1: Intel(R) PRO/1000 Network Connection
[   13.616785] e1000 0000:00:08.0 enp0s8: renamed from eth1
[   13.617459] mptbase: ioc0: Initiating bringup
[   13.662729] e1000 0000:00:03.0 enp0s3: renamed from eth0
[   13.702234] ioc0: LSI53C1030 A0: Capabilities={Initiator}
[   14.227389] scsi host2: ioc0: LSI53C1030 A0, FwRev=00000000h, Ports=1, MaxQ=256, IRQ=20
[   14.377289] scsi 2:0:0:0: Direct-Access     VBOX     HARDDISK         1.0  PQ: 0 ANSI: 5
[   14.652227] scsi target2:0:0: Beginning Domain Validation
[   14.660741] scsi target2:0:0: Domain Validation skipping write tests
[   14.667131] scsi target2:0:0: Ending Domain Validation
[   14.673896] scsi target2:0:0: asynchronous
[   14.680882] scsi 2:0:1:0: Direct-Access     VBOX     HARDDISK         1.0  PQ: 0 ANSI: 5
[   14.702673] scsi target2:0:1: Beginning Domain Validation
[   14.708849] scsi target2:0:1: Domain Validation skipping write tests
[   14.897254] scsi target2:0:1: Ending Domain Validation
[   14.909390] scsi target2:0:1: asynchronous
[   14.921616] sd 2:0:0:0: [sda] 20971520 512-byte logical blocks: (10.7 GB/10.0 GiB)
[   14.935449] sd 2:0:0:0: Attached scsi generic sg0 type 0
[   14.943812] sd 2:0:0:0: [sda] Write Protect is off
[   14.944398] sd 2:0:1:0: [sdb] 20480 512-byte logical blocks: (10.5 MB/10.0 MiB)
[   14.944681] sd 2:0:1:0: [sdb] Write Protect is off
[   14.944830] sd 2:0:1:0: Attached scsi generic sg1 type 0
[   14.944890] sd 2:0:1:0: [sdb] Incomplete mode parameter data
[   14.944891] sd 2:0:1:0: [sdb] Assuming drive cache: write through
[   14.947197] sd 2:0:1:0: [sdb] Attached SCSI disk
[   15.080016] sd 2:0:0:0: [sda] Incomplete mode parameter data
[   15.094618] sd 2:0:0:0: [sda] Assuming drive cache: write through
[   15.113762]  sda: sda1
[   15.128542] sd 2:0:0:0: [sda] Attached SCSI disk
[   15.586613] floppy0: no floppy controllers found
Begin: Loading e[   17.203732] md: linear personality registered for level -1
ssential drivers ... [   17.217950] md: multipath personality registered for level -4
[   17.232913] md: raid0 personality registered for level 0
[   17.242478] md: raid1 personality registered for level 1
[   17.317497] raid6: sse2x1   gen()  6283 MB/s
[   17.385652] raid6: sse2x1   xor()  1058 MB/s
[   17.505739] raid6: sse2x2   gen()  5105 MB/s
[   17.577507] raid6: sse2x2   xor()  3633 MB/s
[   17.666005] raid6: sse2x4   gen()  3802 MB/s
[   17.737802] raid6: sse2x4   xor()  3512 MB/s
[   17.741478] raid6: using algorithm sse2x1 gen() 6283 MB/s
[   17.748670] raid6: .... xor() 1058 MB/s, rmw enabled
[   17.753016] raid6: using ssse3x2 recovery algorithm
[   17.762259] xor: automatically using best checksumming function:
[   17.818055]    avx       : 22674.000 MB/sec
[   17.833951] async_tx: api initialized (async)
[   17.875443] md: raid6 personality registered for level 6
[   17.880245] md: raid5 personality registered for level 5
[   17.903583] md: raid4 personality registered for level 4
[   17.939333] md: raid10 personality registered for level 10
done.
Begin: Running /scripts/init-premount ... done.
Begin: Mounting root file system ... Begin: Running /scripts/local-top ... done.
Begin: Running /scripts/local-premount ... [   18.004373] Btrfs loaded
Scanning for Btrfs filesystems
done.
Warning: fsck not present, so skipping root file system
[   18.057299] EXT4-fs (sda1): mounted filesystem with ordered data mode. Opts: (null)
done.
Begin: Running /scripts/local-bottom ... done.
Begin: Running /scripts/init-bottom ... done.
[   18.205427] systemd[1]: systemd 229 running in system mode. (+PAM +AUDIT +SELINUX +IMA +APPARMOR +SMACK +SYSVINIT +UTMP +LIBCRYPTSETUP +GCRYPT +GNUTLS +ACL +XZ -LZ4 +SECCOMP +BLKID +ELFUTILS +KMOD -IDN)
[   18.215792] systemd[1]: Detected virtualization oracle.
[   18.227175] systemd[1]: Detected architecture x86-64.

Welcome to [1mUbuntu 16.04.2 LTS[0m!

[   18.243809] systemd[1]: Set hostname to <ubuntu>.
[   18.250221] systemd[1]: Initializing machine ID from random generator.
[   18.255793] systemd[1]: Installed transient /etc/machine-id file.
[   18.396974] systemd[1]: Listening on LVM2 metadata daemon socket.
[[0;32m  OK  [0m] Listening on LVM2 metadata daemon socket.
[   18.411084] systemd[1]: Reached target Swap.
[[0;32m  OK  [0m] Reached target Swap.
[   18.427348] systemd[1]: Listening on /dev/initct CompatiiltyNaed Pe. [[0;32m  OK  [0m] Listening on /dev/initctl Compatibility Named Pipe.
[ 18.956707] systemd[1]: Created slice System Slice.
[[0;32m  OK  [0m] Created slice System Slice.
[  19.2497 ste[1]: Listening on udev Kernel Socket.

[[0;32m  OK  [0m] Listening on udev Kernel Socket.
[   19.502245] systemd[1]: Listening on Journal Audit Socket.
[[0;32m  OK  [0m] Listening on Journal Audit Socket.
[ 19922003] systemd[1]: Started Forward Password Requests to Wall Directory Watch.
[[0;32m  OK  [0m] Started Forward Password Requests to Wall Directory Watch.
[ 20762]systemd[1] Listening on Device-mapper event daemon FIFOs.
[[0;32m  OK  [0m] Listening on Device-mapper event daemon FIFOs.
[   20.359356] systemd[1]: Created slice system-serial\x2dgetty.slice.
[[0;32m  OK  [0m] Created slice system-serial\x2dgetty.slice.
[   0.70] std[: stenig  uv Control Socket.
[[0;32m  OK  [0m] Listening on udev Control Socket.
[ 20946854] systemd[1]: Listening on Syslog Socket.
[[0;32m  OK  [0m] Listening on Syslog Socket.
[ 2174972] systemd[1]: Listening on Journal Socket (/dev/log)
[[0;32m  OK  [0m] Listening on Journal Socket (/dev/log).
[ 215841] systemd[1]: Racedart crteVome
[[0;32m  OK  [0m] Reached target Encrypted Volumes.
[   21.885879] systemd[1]: Set up automount Arbitrary Executable File Formats File System Automount Point. [[0;32m  OK  [0m] Set up automount Arbitrary Executab...ats File System Automount Point.
[  2.085590] systemd[1]: Reached trg Ur d ou Name Lookups.
[[0;32m  OK  [0m] Reached target User and Group Name Lookups.
[ 22.454750] systemd[1]: Listening on LVM pl em ske. [[0;32m  OK  [0m] Listening on LVM2 poll daemon socket.
[ 22928687] ysmd]:isni o Jrn Ske
[[0;32m  OK  [0m] Listening on Journal Socket.
[   23.581949] systemd[1]: Starting Monitoring of LVM2 mirrors, snapshots etc. using dmeventd or progress polling...
         Starting Monitoring of LVM2 mirrors... dmeventd or progress polling...
[   23.627416] systemd[1]: Starting Create list of required static device nodes for the current kernel...
         Starting Create list of required st... nodes for the current kernel...
[   23.713925] systemd[1]: Starting Journal Service...
         Starting Journal Service...
[   23.734641] systemd[1]: Starting Remount Root and Kernel File Systems...
         Starting Remount[   23.757879] EXT4-fs (sda1): re-mounted. Opts: (null)
 Root and Kernel File Systems...
[   23.817865] systemd[1]: Starting Set console keymap...
         Starting Set console keymap...
[   23.830567] systemd[1]: Mounting Debug File System...
         Mounting Debug File System...
[   23.865894] systemd[1]: Mounting Huge Pages File System...
         Mounting Huge Pages File System...
[   23.909645] systemd[1]: Starting Nameserver information manager...
         Starting Nameserver information manager...
[   23.944552] systemd[1]: Mounting POSIX Message Queue File System...
         Mounting POSIX Message Queue File System...
[   24.010118] systemd[1]: Starting Uncomplicated firewall...
         Starting Uncomplicated firewall...
[ 24424]ysmd]: Created slice User and Session Slice.
[[0;32m  OK  [0m] Created slice User and Session Slice.
[   24.374949] systemd[1]: Reached target Slices.
[[0;32m  OK  [0m] Reached target Slices.
[   24.382577] random: nonblocking pool is initialized
[   24.401956] systemd[1]: Starting Load Kernel Modules...
         Starting Load Kernel Modules...
[   24.416440] Loading iSCSI transport class v2.0-870.
[   24.459436] systemd[1]: Mounted Huge Pages File System.
[[0;32m  OK  [0m] Mounted Huge [   24.467194] iscsi: registered transport (tcp)
Pages File System.
[   24.488692] systemd[1]: Mounted POSIX Message Queue File System.
[[0;32m  OK  [0m] Mounted POSIX Message Queue File System.
[   24.492944] systemd[1]: Mounted Debug File System.
[[0;32m  OK  [0m] Mounted Debug File System.
[   24.503341] systemd[1]: Started Journal Service.
[[0;32m  OK  [0m] Started Journal Service.
[[0;32m  OK  [0m] Started Create list of required sta...ce nodes for the current kernel.
[[0;32m  OK  [0m] Started Remount Root and Kernel File Systems.
[   24.541171] iscsi: registered transport (iser)
[[0;32m  OK  [0m] Started Set console keymap.
[[0;32m  OK  [0m] Started Uncomplicated firewall.
[[0;32m  OK  [0m] Started Load Kernel Modules.
[[0;32m  OK  [0m] Started Nameserver information manager.
[[0;32m  OK  [0m] Started LVM2 metadata daemon.
         Mounting FUSE Control File System...
         Starting Apply Kernel Variables...
         Starting Initial cloud-init job (pre-networking)...
         Starting udev Coldplug all Devices...
         Starting Load/Save Random Seed...
         Starting Create Static Device Nodes in /dev...
         Starting Flush Journal to Persistent Storage...
[[0;32m  OK  [0m] Mounted FUSE Control File System.
[[0;32m  OK  [0m] Started Apply Kernel Variables.
[[0;32m  OK  [0m] Started Load/Save Random Seed.
[[0;32m  OK  [0m] Started Create Static Device Nodes in /dev.
[[0;32m  OK  [0m] Started udev Coldplug all Devices.
[[0;32m  OK  [0m] Started Flush Journal to Persistent Storage.
         Starting udev Kernel Device Manager...
[[0;32m  OK  [0m] Started Monitoring of LVM2 mirrors,...ng dmeventd or progress polling.
[[0;32m  OK  [0m] Started udev Kernel Device Manager.
[[0;32m  OK  [0m] Started Dispatch Password Requests to Console Directory Watch.
[[0;32m  OK  [0m] Reached target Local File Systems (Pre).
[[0;32m  OK  [0m] Reached target Local File Systems.
         Starting Set console font and keymap...
         Starting LSB: AppArmor initialization...
         Starting Tell Plymouth To Write Out Runtime Data...
         Starting Commit a transient machine-id on disk...
         Starting Create Volatile Files and Directories...
[[0;32m  OK  [0m] Started Tell Plymouth To Write Out Runtime Data.
[[0;32m  OK  [0m] Started Commit a transient machine-id on disk.
[[0;32m  OK  [0m] Started Create Volatile Files and Directories.
[[0;32m  OK  [0m] Found device /dev/ttyS0.
[   21.696695] cloud-init[452]: Cloud-init v. 0.7.9 running 'init-local' at Thu, 27 Apr 2017 18:24:37 +0000. Up 21.23 seconds.
[[0;32m  OK  [0m] Started Set console font and keymap.
[[0;32m  OK  [0m] Started LSB: AppArmor initialization.
[[0;32m  OK  [0m] Started Initial cloud-init job (pre-networking).
[[0;32m  OK  [0m] Listening on Load/Save RF Kill Switch Status /dev/rfkill Watch.
[[0;32m  OK  [0m] Reached target Network (Pre).
         Starting Raise network interfaces...
[[0;32m  OK  [0m] Created slice system-getty.slice.
[[0;32m  OK  [0m] Reached target System Time Synchronized.
         Starting Update UTMP about System Boot/Shutdown...
[[0;32m  OK  [0m] Started Update UTMP about System Boot/Shutdown.
[[0;32m  OK  [0m] Started Raise network interfaces.
         Starting Initial cloud-init job (metadata service crawler)...
[[0;32m  OK  [0m] Reached target Network.
[   25.489428] cloud-init[945]: Cloud-init v. 0.7.9 running 'init' at Thu, 27 Apr 2017 18:24:40 +0000. Up 24.70 seconds.
[   25.496128] cloud-init[945]: ci-info: ++++++++++++++++++++++++++++++++++++++Net device info++++++++++++++++++++++++++++++++++++++
[   25.562821] [cloud-init[0;32m  OK  [0m[945]: ] ci-info: +--------+-------+----------------------------+---------------+-------+-------------------+Started Initial cloud-init job (metadata service crawler).

[   25.593964] [cloud-init[0;32m  OK  [0m[945]: ] ci-info: | Device |   Up  |          Address           |      Mask     | Scope |     Hw-Address    |Reached target Network is Online.

[   25.595161] cloud-init[945]: ci-info: +--------+-------+----------------------------+---------------+-------+-------------------+
         Starting iSCSI initiator daemon (iscsid)...
[[0;32m  OK  [0m] Reached target Cloud-config availability.
[[0;32m  OK  [0m] Reached target System Initialization.
[   25.635568] cloud-init[945]: ci-info: |   lo   |  True |         127.0.0.1          |   255.0.0.0   |   .   |         .         |
[[0;32m  OK  [0m] Listening on ACPID Listen Socket.
[[0;32m  OK  [0m] Started Trigger resolvconf update for networkd DNS.
[   25.659196] [cloud-init[0;32m  OK  [0m[945]: ] ci-info: |   lo   |  True |          ::1/128           |       .       |  host |         .         |Started Timer to automatically refresh installed snaps.

[   25.678692] cloud-init[945]: ci-info: | enp0s8 | False |             .              |       .       |   .   | 08:00:27:a9:aa:bd |
[[0;32m  OK  [0m] Listening on D-Bus System Message Bus Socket.
         Starting Socket activation for snappy daemon.
[   25.680908] cloud-init[945]: ci-info: | enp0s3 |  True |         10.0.2.15          | 255.255.255.0 |   .   | 02:4f:95:56:f8:14 |
[[0;32m  OK  [0m] Started Daily apt activities.
[   25.823849] cloud-init[945]: ci-info: | enp0s3 |  True | fe80::4f:95ff:fe56:f814/64 |       .       |  link | 02:4f:95:56:f8:14 |
[[0;32m  OK  [0m] Started ACPI Events Check.
[[0;32m  OK  [0m] Reached target Paths.
[[0;32m  OK  [0m] Started Daily Cleanup of Temporary Directories.
[   25.866842] cloud-init[945]: ci-info: +--------+-------+----------------------------+---------------+-------+-------------------+
[   25.964777] cloud-init[945]: ci-info: +++++++++++++++++++++++++++Route IPv4 info++++++++++++++++++++++++++++
[[0;32m  OK  [0m] Reached target Timers.
[[0;32m  OK  [0m] Listening on UUID daemon activation socket.
[   25.995247] cloud-init[945]: ci-info: +-------+-------------+----------+---------------+-----------+-------+
[   26.063218] cloud-init[945]: ci-info: | Route | Destination | Gateway  |    Genmask    | Interface | Flags |
[   26.122802] cloud-init[945]: ci-info: +-------+-------------+----------+---------------+-----------+-------+
         Starting LXD - unix socket.
[   26.168544] cloud-init[945]: ci-info: |   0   |   0.0.0.0   | 10.0.2.2 |    0.0.0.0    |   enp0s3  |   UG  |
[   26.188305] cloud-init[945]: ci-info: |   1   |   10.0.2.0  | 0.0.0.0  | 255.255.255.0 |   enp0s3  |   U   |
[   26.216306] [cloud-init[0;32m  OK  [0m[945]: ] ci-info: +-------+-------------+----------+---------------+-----------+-------+Listening on Socket activation for snappy daemon.

[[0;32m  OK  [0m] Listening on LXD - unix socket.
[   26.307757] [[0;32m  OK  [0m] Started iSCSI initiator daemon (iscsid).
cloud-init[945]: Generating public/private rsa key pair.
[   26.361303] cloud-init[945]: Your identification has been saved in /etc/ssh/ssh_host_rsa_key.
[   26.370197] cloud-init[945]:          Starting Login to default iSCSI targets...
[[0;32m  OK  [0m] Reached target Sockets.
[[0;32m  OK  [0m] Reached target Basic System.
[[0;32m  OK  [0m] Started Regular background program processing daemon.
Your public key has been saved in /etc/ssh/ssh_host_rsa_key.pub.
[   26.404657] [cloud-init[0;32m  OK  [0m[945]: ] The key fingerprint is:Started FUSE filesystem for LXC.

[   26.405296] cloud-init[945]: SHA256:r26jWv3FZtIOmaFXnFzNa7JyUkzFvSg+DbsKywnTOgo root@ubuntu-xenial
[   26.494314] [cloud-init[0;32m  OK  [0m[945]: ] The key's randomart image is:Started D-Bus System Message Bus.

[   26.495045] cloud-init[945]: +---[RSA 2048]----+
[   26.575112] cloud-init[945]: |              ...|
[   26.598777]          cloud-initStarting Pollinate to seed the pseudo random number generator...[945]: 
|              .+.|
[   26.618019]          cloud-initStarting /etc/rc.local Compatibility...[945]: 
|             .o +|
         Starting System Logging Service...
[   26.673582] cloud-init[945]: |           =o+ ..|
[   26.746285] cloud-init[945]: |        S o X+ o |
[   26.746866] cloud-init[945]: |      .. o @..+  |
         Starting LSB: Record successful boot for GRUB...
[   26.747281] cloud-init[945]: | E   o.oo BoOo   |
[   26.805204] cloud-init[945]: |  .  o= *+ O+    |
[   26.810344] cloud-init[945]: |   .oooBooo .    |
[   26.820636] cloud-init[945]: +----[SHA256]-----+
[   26.820912] cloud-init[945]: Generating public/private dsa key pair.
         Starting Apply the settings specified in cloud-config...
[   26.821226] cloud-init[945]: Your identification has been saved in /etc/ssh/ssh_host_dsa_key.
[   26.940820] cloud-init[945]: Your public key has been saved in /etc/ssh/ssh_host_dsa_key.pub.
[   26.941156] cloud-init[945]: The key fingerprint is:
[[0;32m  OK  [0m] Started ACPI event daemon.
[   26.941462] cloud-init[945]: SHA256:67J5jMKnmwrC1Ao09+sw1Irj97vzRs4tzLdIUZ4uUOo root@ubuntu-xenial
[   27.069148] cloud-init[945]: The key's randomart image is:
[   27.069522] cloud-init[945]: +---[DSA 1024]----+
         Starting LXD - container startup/shutdown...
[   27.069677] cloud-init[945]: |                 |
[   27.136900] cloud-init[945]: |                 |
[   27.167584] cloud-init[945]: | o .   . .       |
[   27.167909] cloud-init[945]: |. + o o o .      |
[   27.169138] cloud-init[945]: |.. o = .So       |
[   27.169828] cloud-init[945]: |+ + o o.o.       |
         Starting Accounts Service...
[   27.170579] cloud-init[945]: |o= = E*=o.       |
         Starting LSB: MD monitoring daemon...
[   27.200169]          cloud-initStarting Login Service...[945]: 
|o...*o=X=o       |
[[0;32m  OK  [0m] Started Deferred execution scheduler.
[   27.235610] cloud-init[945]: | .o.=XO*+..      |
[   27.268386] cloud-init[945]: +----[SHA256]-----+
[   27.268746] cloud-init[945]: Generating public/private ecdsa key pair.
[[0;32m  OK  [0m] Started Snappy daemon.
[   27.269056] cloud-init[945]: Your identification has been saved in /etc/ssh/ssh_host_ecdsa_key.
[   27.399899] cloud-init[945]: Your public key has been saved in /etc/ssh/ssh_host_ecdsa_key.pub.
[   27.400712] cloud-init[945]: The key fingerprint is:
         Starting Auto import assertions from block devices...
[[0;32m  OK  [0m] Started System Logging Service.
[[0;32m  OK  [0m] Started Pollinate to seed the pseudo random number generator.
[[0;32m  OK  [0m] Started /etc/rc.local Compatibility.
[[0;32m  OK  [0m] Started LXD - container startup/shutdown.
[[0;32m  OK  [0m] Started Auto import assertions from block devices.
[   27.400859] cloud-init[945]: SHA256:w+lPWKHvdcqnUYt7kdNwccTGk3fKfzb0rh8yF9Ux5gw root@ubuntu-xenial
[   27.703732] cloud-init[945]: The key's randomart image is:
[   27.706026] cloud-init[945]: +---[ECDSA 256]---+
[   27.732519] cloud-init[945]: |             E Bo|
[[0;32m  OK  [0m] Started Login to default iSCSI targets.
[[0;32m  OK  [0m] Started LSB: Record successful boot for GRUB.
[   27.735671] cloud-init[945]: |              =+@|
[   27.881842] cloud-init[945]: |          .  . =O|
[[0;32m  OK  [0m] Started LSB: MD monitoring daemon.
[   27.899377] cloud-init[945]: |       . o .  +.o|
         Starting Authenticate and Authorize Users to Run Privileged Tasks...
[[0;32m  OK  [0m] Reached target Remote File Systems (Pre).
[   28.040683] cloud-init[945]: |        S .   oB.|
[   28.081340] cloud-init[945]: |       . =   o+oB|
[   28.081552] cloud-init[945]: |        o o +ooBo|
[   28.081652] cloud-init[945]: |         + o =* o|
[   28.081754] cloud-init[945]: |          o =+.o.|
[   28.081850] cloud-init[945]: +----[SHA256]-----+
[   28.081949] cloud-init[945]: Generating public/private ed25519 key pair.
[   28.082038] cloud-init[945]: Your identification has been saved in /etc/ssh/ssh_host_ed25519_key.
[   28.082124] cloud-init[945]: Your public key has been saved in /etc/ssh/ssh_host_ed25519_key.pub.
[   28.082209] cloud-init[945]: The key fingerprint is:
[   28.082291] cloud-init[945]: SHA256:nL3B3uvPqJO3esu0PiAu1AVntKkejkLlTJOzpcPL2wo root@ubuntu-xenial
[   28.082374] cloud-init[945]: The key's randomart image is:
[   28.082457] cloud-init[945]: +--[ED25519 256]--+
[   28.082543] cloud-init[945]: |         ..      |
[   28.082634] cloud-init[945]: |       .. oo     |
[   28.082718] cloud-init[945]: |      * .+o      |
[   28.082801] cloud-init[945]: |     * B =.      |
[   28.082883] cloud-init[945]: |    . B.S.+      |
[   28.083086] cloud-init[945]: |   . ..*oo.+     |
[   28.083529] cloud-init[945]: |    E.+.o.ooo    |
[   28.083622] cloud-init[945]: |     o.o. oo+=   |
[   28.083702] cloud-init[945]: |      oo. oOX=o  |
[   28.083783] cloud-init[945]: +----[SHA256]-----+
[[0;32m  OK  [0m] Reached target Remote File Systems.
[   28.095232] cloud-init[1111]: Generating locales (this might take a while)...
         Starting LSB: Set the CPU Frequency Scaling governor to "ondemand"...
         Starting Permit User Sessions...
         Starting LSB: daemon to balance interrupts for SMP systems...
         Starting LSB: VirtualBox Linux Additions...
         Starting LSB: automatic crash report generation...
         Starting OpenBSD Secure Shell server...
[[0;32m  OK  [0m] Started Permit User Sessions.
[[0;32m  OK  [0m] Started OpenBSD Secure Shell server.
[[0;32m  OK  [0m] Started Login Service.
[[0;32m  OK  [0m] Started Authenticate and Authorize Users to Run Privileged Tasks.
[[0;32m  OK  [0m] Started Accounts Service.
[[0;32m  OK  [0m] Started LSB: Set the CPU Frequency Scaling governor to "ondemand".
         Starting Terminate Plymouth Boot Screen...
         Starting Hold until boot process finishes up...
[[0;32m  OK  [0m] Started LSB: daemon to balance interrupts for SMP systems.
[[0;32m  OK  [0m] Started LSB: VirtualBox Linux Additions.
[[0;32m  OK  [0m] Started LSB: automatic crash report generation.
[   28.635077] cloud-init[1111]:   en_US.UTF-8... done
[[0;32m  OK  [0m] Started Terminate Plymouth Boot Screen.
[[0;32m  OK  [0m] Started Hold until boot process finishes up.
[   28.709021] cloud-init[1111]: Generation complete.
[[0;32m  OK  [0m] Started Serial Getty on ttyS0.
         Starting Set console scheme...
[[0;32m  OK  [0m] Started Getty on tty1.
[[0;32m  OK  [0m] Reached target Login Prompts.
[[0;32m  OK  [0m] Reached target Multi-User System.
[[0;32m  OK  [0m] Reached target Graphical Interface.
         Starting Update UTMP about System Runlevel Changes...
[[0;32m  OK  [0m] Started Set console scheme.
[[0;32m  OK  [0m] Started Update UTMP about System Runlevel Changes.
         Stopping OpenBSD Secure Shell server...
[[0;32m  OK  [0m] Stopped OpenBSD Secure Shell server.
         Starting OpenBSD Secure Shell server...
[[0;32m  OK  [0m] Started OpenBSD Secure Shell server.
[   29.323254] cloud-init[1111]: Cloud-init v. 0.7.9 running 'modules:config' at Thu, 27 Apr 2017 18:24:42 +0000. Up 27.12 seconds.
[[0;32m  OK  [0m] Started Apply the settings specified in cloud-config.
         Starting Execute cloud user/final scripts...
ci-info: no authorized ssh keys fingerprints found for user ubuntu.
<14>Apr 27 18:24:45 ec2: 
<14>Apr 27 18:24:45 ec2: #############################################################
<14>Apr 27 18:24:45 ec2: -----BEGIN SSH HOST KEY FINGERPRINTS-----
<14>Apr 27 18:24:45 ec2: 1024 SHA256:67J5jMKnmwrC1Ao09+sw1Irj97vzRs4tzLdIUZ4uUOo root@ubuntu-xenial (DSA)
<14>Apr 27 18:24:45 ec2: 256 SHA256:w+lPWKHvdcqnUYt7kdNwccTGk3fKfzb0rh8yF9Ux5gw root@ubuntu-xenial (ECDSA)
<14>Apr 27 18:24:45 ec2: 256 SHA256:nL3B3uvPqJO3esu0PiAu1AVntKkejkLlTJOzpcPL2wo root@ubuntu-xenial (ED25519)
<14>Apr 27 18:24:45 ec2: 2048 SHA256:r26jWv3FZtIOmaFXnFzNa7JyUkzFvSg+DbsKywnTOgo root@ubuntu-xenial (RSA)
<14>Apr 27 18:24:45 ec2: -----END SSH HOST KEY FINGERPRINTS-----
<14>Apr 27 18:24:45 ec2: #############################################################
-----BEGIN SSH HOST KEY KEYS-----
ecdsa-sha2-nistp256 AAAAE2VjZHNhLXNoYTItbmlzdHAyNTYAAAAIbmlzdHAyNTYAAABBBGP/m0NzLK31hMYnZk5uydnPMJr5SZy2QEL0EjQiy9UjjN2rmrS3jg1NXyMIlib629FJgKcGkGzaYPHQCO3pmqo= root@ubuntu-xenial
ssh-ed25519 AAAAC3NzaC1lZDI1NTE5AAAAIG0M8u82AQO/q1/kJKEQSNglV5RNoXgUtqmcRGLhKu2z root@ubuntu-xenial
ssh-rsa AAAAB3NzaC1yc2EAAAADAQABAAABAQCvo88n82vyH9NVPC1S/I0PTBfMXzx0euc0ng/QWk/5Ik/knTVEukt5KTHSM9KJq0Ic3wWoEewLAW7CCINTliKK95uOceYzO90jIxlItaIqQ4jwz7wZSRat6ZcCWWfdADYeNM99OnzY6lDpVKhofSWdj8p+LSDfwb6eyymzcthpnGR5F2pU5+F8trXi8PmeoXMvVOdGnKBf4wcIxwb8lRl+SuFZl1sAW0hbNsxx3GbXa2mPw2ozPQa3dClkTrQCT9cXx35KEzLnn/p/qd0VOZhcYLPz9V7q3uGXb6kVgoBXhmbOmd3OcdURtr1HB9EYhEelA+/mVM6Qh8DJrDTZQ4LX root@ubuntu-xenial
-----END SSH HOST KEY KEYS-----
[   30.308861] cloud-init[1318]: Cloud-init v. 0.7.9 running 'modules:final' at Thu, 27 Apr 2017 18:24:45 +0000. Up 29.77 seconds.
[   30.353703] [cloud-init[0;32m  OK  [0m[1318]: ] ci-info: no authorized ssh keys fingerprints found for user ubuntu.Started Execute cloud user/final scripts.

[[0;32m  OK  [0m] Reached target Cloud-init target.
[   30.384668] cloud-init[1318]: Cloud-init v. 0.7.9 finished at Thu, 27 Apr 2017 18:24:46 +0000. Datasource DataSourceNoCloud [seed=/dev/sdb][dsmode=net].  Up 30.30 seconds

Ubuntu 16.04.2 LTS ubuntu-xenial ttyS0

ubuntu-xenial login: 