[    0.000000] Initializing cgroup subsys cpuset
[    0.000000] Initializing cgroup subsys cpu
[    0.000000] Initializing cgroup subsys cpuacct
[    0.000000] Linux version 4.4.0-78-generic (buildd@lgw01-11) (gcc version 5.4.0 20160609 (Ubuntu 5.4.0-6ubuntu1~16.04.4) ) #99-Ubuntu SMP Thu Apr 27 15:29:09 UTC 2017 (Ubuntu 4.4.0-78.99-generic 4.4.62)
[    0.000000] Command line: BOOT_IMAGE=/boot/vmlinuz-4.4.0-78-generic root=LABEL=cloudimg-rootfs ro console=tty1 console=ttyS0
[    0.000000] KERNEL supported cpus:
[    0.000000]   Intel GenuineIntel
[    0.000000]   AMD AuthenticAMD
[    0.000000]   Centaur CentaurHauls
[    0.000000] x86/fpu: xstate_offset[2]:  576, xstate_sizes[2]:  256
[    0.000000] x86/fpu: Supporting XSAVE feature 0x01: 'x87 floating point registers'
[    0.000000] x86/fpu: Supporting XSAVE feature 0x02: 'SSE registers'
[    0.000000] x86/fpu: Supporting XSAVE feature 0x04: 'AVX registers'
[    0.000000] x86/fpu: Enabled xstate features 0x7, context size is 832 bytes, using 'standard' format.
[    0.000000] x86/fpu: Using 'lazy' FPU context switches.
[    0.000000] e820: BIOS-provided physical RAM map:
[    0.000000] BIOS-e820: [mem 0x0000000000000000-0x000000000009fbff] usable
[    0.000000] BIOS-e820: [mem 0x000000000009fc00-0x000000000009ffff] reserved
[    0.000000] BIOS-e820: [mem 0x00000000000f0000-0x00000000000fffff] reserved
[    0.000000] BIOS-e820: [mem 0x0000000000100000-0x000000003ffeffff] usable
[    0.000000] BIOS-e820: [mem 0x000000003fff0000-0x000000003fffffff] ACPI data
[    0.000000] BIOS-e820: [mem 0x00000000fec00000-0x00000000fec00fff] reserved
[    0.000000] BIOS-e820: [mem 0x00000000fee00000-0x00000000fee00fff] reserved
[    0.000000] BIOS-e820: [mem 0x00000000fffc0000-0x00000000ffffffff] reserved
[    0.000000] NX (Execute Disable) protection: active
[    0.000000] SMBIOS 2.5 present.
[    0.000000] Hypervisor detected: KVM
[    0.000000] e820: last_pfn = 0x3fff0 max_arch_pfn = 0x400000000
[    0.000000] MTRR: Disabled
[    0.000000] x86/PAT: MTRRs disabled, skipping PAT initialization too.
[    0.000000] x86/PAT: Configuration [0-7]: WB  WT  UC- UC  WB  WT  UC- UC  
[    0.000000] CPU MTRRs all blank - virtualized system.
[    0.000000] found SMP MP-table at [mem 0x0009fff0-0x0009ffff] mapped at [ffff88000009fff0]
[    0.000000] Scanning 1 areas for low memory corruption
[    0.000000] RAMDISK: [mem 0x36ac4000-0x37559fff]
[    0.000000] ACPI: Early table checksum verification disabled
[    0.000000] ACPI: RSDP 0x00000000000E0000 000024 (v02 VBOX  )
[    0.000000] ACPI: XSDT 0x000000003FFF0030 00003C (v01 VBOX   VBOXXSDT 00000001 ASL  00000061)
[    0.000000] ACPI: FACP 0x000000003FFF00F0 0000F4 (v04 VBOX   VBOXFACP 00000001 ASL  00000061)
[    0.000000] ACPI: DSDT 0x000000003FFF0470 0021C8 (v02 VBOX   VBOXBIOS 00000002 INTL 20100528)
[    0.000000] ACPI: FACS 0x000000003FFF0200 000040
[    0.000000] ACPI: FACS 0x000000003FFF0200 000040
[    0.000000] ACPI: APIC 0x000000003FFF0240 00005C (v02 VBOX   VBOXAPIC 00000001 ASL  00000061)
[    0.000000] ACPI: SSDT 0x000000003FFF02A0 0001CC (v01 VBOX   VBOXCPUT 00000002 INTL 20100528)
[    0.000000] No NUMA configuration found
[    0.000000] Faking a node at [mem 0x0000000000000000-0x000000003ffeffff]
[    0.000000] NODE_DATA(0) allocated [mem 0x3ffeb000-0x3ffeffff]
[    0.000000] kvm-clock: Using msrs 4b564d01 and 4b564d00
[    0.000000] kvm-clock: cpu 0, msr 0:3ffe3001, primary cpu clock
[    0.000000] kvm-clock: using sched offset of 3107726441 cycles
[    0.000000] clocksource: kvm-clock: mask: 0xffffffffffffffff max_cycles: 0x1cd42e4dffb, max_idle_ns: 881590591483 ns
[    0.000000] Zone ranges:
[    0.000000]   DMA      [mem 0x0000000000001000-0x0000000000ffffff]
[    0.000000]   DMA32    [mem 0x0000000001000000-0x000000003ffeffff]
[    0.000000]   Normal   empty
[    0.000000]   Device   empty
[    0.000000] Movable zone start for each node
[    0.000000] Early memory node ranges
[    0.000000]   node   0: [mem 0x0000000000001000-0x000000000009efff]
[    0.000000]   node   0: [mem 0x0000000000100000-0x000000003ffeffff]
[    0.000000] Initmem setup node 0 [mem 0x0000000000001000-0x000000003ffeffff]
[    0.000000] ACPI: PM-Timer IO Port: 0x4008
[    0.000000] IOAPIC[0]: apic_id 2, version 32, address 0xfec00000, GSI 0-23
[    0.000000] ACPI: INT_SRC_OVR (bus 0 bus_irq 0 global_irq 2 dfl dfl)
[    0.000000] ACPI: INT_SRC_OVR (bus 0 bus_irq 9 global_irq 9 high level)
[    0.000000] Using ACPI (MADT) for SMP configuration information
[    0.000000] smpboot: Allowing 2 CPUs, 0 hotplug CPUs
[    0.000000] PM: Registered nosave memory: [mem 0x00000000-0x00000fff]
[    0.000000] PM: Registered nosave memory: [mem 0x0009f000-0x0009ffff]
[    0.000000] PM: Registered nosave memory: [mem 0x000a0000-0x000effff]
[    0.000000] PM: Registered nosave memory: [mem 0x000f0000-0x000fffff]
[    0.000000] e820: [mem 0x40000000-0xfebfffff] available for PCI devices
[    0.000000] Booting paravirtualized kernel on KVM
[    0.000000] clocksource: refined-jiffies: mask: 0xffffffff max_cycles: 0xffffffff, max_idle_ns: 7645519600211568 ns
[    0.000000] setup_percpu: NR_CPUS:512 nr_cpumask_bits:512 nr_cpu_ids:2 nr_node_ids:1
[    0.000000] PERCPU: Embedded 33 pages/cpu @ffff88003fc00000 s98264 r8192 d28712 u1048576
[    0.000000] PV qspinlock hash table entries: 256 (order: 0, 4096 bytes)
[    0.000000] Built 1 zonelists in Node order, mobility grouping on.  Total pages: 257913
[    0.000000] Policy zone: DMA32
[    0.000000] Kernel command line: BOOT_IMAGE=/boot/vmlinuz-4.4.0-78-generic root=LABEL=cloudimg-rootfs ro console=tty1 console=ttyS0
[    0.000000] PID hash table entries: 4096 (order: 3, 32768 bytes)
[    0.000000] Memory: 1001740K/1048120K available (8469K kernel code, 1294K rwdata, 3984K rodata, 1484K init, 1316K bss, 46380K reserved, 0K cma-reserved)
[    0.000000] SLUB: HWalign=64, Order=0-3, MinObjects=0, CPUs=2, Nodes=1
[    0.000000] Hierarchical RCU implementation.
[    0.000000] 	Build-time adjustment of leaf fanout to 64.
[    0.000000] 	RCU restricting CPUs from NR_CPUS=512 to nr_cpu_ids=2.
[    0.000000] RCU: Adjusting geometry for rcu_fanout_leaf=64, nr_cpu_ids=2
[    0.000000] NR_IRQS:33024 nr_irqs:440 16
[    0.000000] Console: colour VGA+ 80x25
[    0.000000] console [tty1] enabled
[    0.000000] console [ttyS0] enabled
[    0.000000] tsc: Detected 2793.634 MHz processor
[    1.250059] Calibrating delay loop (skipped) preset value.. 5587.26 BogoMIPS (lpj=11174536)
[    1.257985] pid_max: default: 32768 minimum: 301
[    1.270335] ACPI: Core revision 20150930
[    1.279265] ACPI: 2 ACPI AML tables successfully acquired and loaded
[    1.286845] Security Framework initialized
[    1.291532] Yama: becoming mindful.
[    1.298157] AppArmor: AppArmor initialized
[    1.300319] Dentry cache hash table entries: 131072 (order: 8, 1048576 bytes)
[    1.335173] Inode-cache hash table entries: 65536 (order: 7, 524288 bytes)
[    1.347444] Mount-cache hash table entries: 2048 (order: 2, 16384 bytes)
[    1.361464] Mountpoint-cache hash table entries: 2048 (order: 2, 16384 bytes)
[    1.368817] Initializing cgroup subsys io
[    1.371461] Initializing cgroup subsys memory
[    1.372392] Initializing cgroup subsys devices
[    1.373343] Initializing cgroup subsys freezer
[    1.374364] Initializing cgroup subsys net_cls
[    1.375358] Initializing cgroup subsys perf_event
[    1.380889] Initializing cgroup subsys net_prio
[    1.389724] Initializing cgroup subsys hugetlb
[    1.399414] Initializing cgroup subsys pids
[    1.415049] CPU: Physical Processor ID: 0
[    1.422413] CPU: Processor Core ID: 0
[    1.442810] mce: CPU supports 0 MCE banks
[    1.449282] Last level iTLB entries: 4KB 512, 2MB 8, 4MB 8
[    1.458840] Last level dTLB entries: 4KB 512, 2MB 32, 4MB 32, 1GB 0
[    1.483468] Freeing SMP alternatives memory: 32K (ffffffff820b8000 - ffffffff820c0000)
[    1.537990] ftrace: allocating 32120 entries in 126 pages
[    1.595775] smpboot: APIC(0) Converting physical 0 to logical package 0
[    1.607286] smpboot: Max logical packages: 1
[    1.624948] x2apic enabled
[    1.625942] Switched APIC routing to physical x2apic.
[    1.649518] ..TIMER: vector=0x30 apic1=0 pin1=2 apic2=-1 pin2=-1
[    1.766678] smpboot: CPU0: Intel(R) Core(TM) i7-2640M CPU @ 2.80GHz (family: 0x6, model: 0x2a, stepping: 0x7)
[    1.818297] Performance Events: unsupported p6 CPU model 42 no PMU driver, software events only.
[    1.851914] KVM setup paravirtual spinlock
[    1.873578] x86: Booting SMP configuration:
[    1.885011] .... node  #0, CPUs:      #1
[    1.902272] kvm-clock: cpu 1, msr 0:3ffe3041, secondary cpu clock
[    1.909105] mce: CPU supports 0 MCE banks
[    1.913248] x86: Booted up 1 node, 2 CPUs
[    1.928776] smpboot: Total of 2 processors activated (11174.53 BogoMIPS)
[    1.941264] devtmpfs: initialized
[    1.963067] evm: security.selinux
[    1.978683] evm: security.SMACK64
[    1.989729] evm: security.SMACK64EXEC
[    1.991657] evm: security.SMACK64TRANSMUTE
[    2.003375] evm: security.SMACK64MMAP
[    2.009220] evm: security.ima
[    2.033898] evm: security.capability
[    2.042318] clocksource: jiffies: mask: 0xffffffff max_cycles: 0xffffffff, max_idle_ns: 7645041785100000 ns
[    2.070519] futex hash table entries: 512 (order: 3, 32768 bytes)
[    2.090329] pinctrl core: initialized pinctrl subsystem
[    2.098600] RTC time: 18:14:30, date: 05/25/17
[    2.101171] NET: Registered protocol family 16
[    2.118838] cpuidle: using governor ladder
[    2.147055] cpuidle: using governor menu
[    2.151401] PCCT header not found.
[    2.152318] ACPI: bus type PCI registered
[    2.157018] acpiphp: ACPI Hot Plug PCI Controller Driver version: 0.5
[    2.167533] PCI: Using configuration type 1 for base access
[    2.191812] ACPI: Added _OSI(Module Device)
[    2.199117] ACPI: Added _OSI(Processor Device)
[    2.206243] ACPI: Added _OSI(3.0 _SCP Extensions)
[    2.215489] ACPI: Added _OSI(Processor Aggregator Device)
[    2.229536] ACPI: Executed 1 blocks of module-level executable AML code
[    2.271857] ACPI: Interpreter enabled
[    2.274030] ACPI: (supports S0 S5)
[    2.279318] ACPI: Using IOAPIC for interrupt routing
[    2.282222] PCI: Using host bridge windows from ACPI; if necessary, use "pci=nocrs" and report a bug
[    2.314502] ACPI: PCI Root Bridge [PCI0] (domain 0000 [bus 00-ff])
[    2.328343] acpi PNP0A03:00: _OSC: OS supports [ASPM ClockPM Segments MSI]
[    2.344535] acpi PNP0A03:00: _OSC failed (AE_NOT_FOUND); disabling ASPM
[    2.376861] acpi PNP0A03:00: fail to add MMCONFIG information, can't access extended PCI configuration space under this bridge.
[    2.389202] PCI host bridge to bus 0000:00
[    2.396576] pci_bus 0000:00: root bus resource [io  0x0000-0x0cf7 window]
[    2.403390] pci_bus 0000:00: root bus resource [io  0x0d00-0xffff window]
[    2.404897] pci_bus 0000:00: root bus resource [mem 0x000a0000-0x000bffff window]
[    2.406717] pci_bus 0000:00: root bus resource [mem 0x40000000-0xffdfffff window]
[    2.426220] pci_bus 0000:00: root bus resource [bus 00-ff]
[    2.429691] pci 0000:00:01.1: legacy IDE quirk: reg 0x10: [io  0x01f0-0x01f7]
[    2.431145] pci 0000:00:01.1: legacy IDE quirk: reg 0x14: [io  0x03f6]
[    2.434917] pci 0000:00:01.1: legacy IDE quirk: reg 0x18: [io  0x0170-0x0177]
[    2.443065] pci 0000:00:01.1: legacy IDE quirk: reg 0x1c: [io  0x0376]
[    2.468262] pci 0000:00:07.0: quirk: [io  0x4000-0x403f] claimed by PIIX4 ACPI
[    2.472668] pci 0000:00:07.0: quirk: [io  0x4100-0x410f] claimed by PIIX4 SMB
[    2.489891] ACPI: PCI Interrupt Link [LNKA] (IRQs 5 9 10 *11)
[    2.514102] ACPI: PCI Interrupt Link [LNKB] (IRQs 5 9 10 *11)
[    2.526473] ACPI: PCI Interrupt Link [LNKC] (IRQs 5 9 *10 11)
[    2.537840] ACPI: PCI Interrupt Link [LNKD] (IRQs 5 *9 10 11)
[    2.560026] ACPI: Enabled 2 GPEs in block 00 to 07
[    2.567215] vgaarb: setting as boot device: PCI:0000:00:02.0
[    2.571203] vgaarb: device added: PCI:0000:00:02.0,decodes=io+mem,owns=io+mem,locks=none
[    2.580304] vgaarb: loaded
[    2.581655] vgaarb: bridge control possible 0000:00:02.0
[    2.603241] SCSI subsystem initialized
[    2.609901] ACPI: bus type USB registered
[    2.616160] usbcore: registered new interface driver usbfs
[    2.624492] usbcore: registered new interface driver hub
[    2.631409] usbcore: registered new device driver usb
[    2.641016] PCI: Using ACPI for IRQ routing
[    2.648311] NetLabel: Initializing
[    2.653356] NetLabel:  domain hash size = 128
[    2.660846] NetLabel:  protocols = UNLABELED CIPSOv4
[    2.667285] NetLabel:  unlabeled traffic allowed by default
[    2.671016] amd_nb: Cannot enumerate AMD northbridges
[    2.672367] clocksource: Switched to clocksource kvm-clock
[    2.683541] AppArmor: AppArmor Filesystem Enabled
[    2.690281] pnp: PnP ACPI init
[    2.694365] pnp: PnP ACPI: found 3 devices
[    2.729116] clocksource: acpi_pm: mask: 0xffffff max_cycles: 0xffffff, max_idle_ns: 2085701024 ns
[    2.735189] NET: Registered protocol family 2
[    2.783263] TCP established hash table entries: 8192 (order: 4, 65536 bytes)
[    2.798500] TCP bind hash table entries: 8192 (order: 5, 131072 bytes)
[    2.802054] TCP: Hash tables configured (established 8192 bind 8192)
[    2.816831] UDP hash table entries: 512 (order: 2, 16384 bytes)
[    2.825705] UDP-Lite hash table entries: 512 (order: 2, 16384 bytes)
[    2.837325] NET: Registered protocol family 1
[    2.848575] pci 0000:00:00.0: Limiting direct PCI/PCI transfers
[    2.860442] pci 0000:00:01.0: Activating ISA DMA hang workarounds
[    2.896708] Unpacking initramfs...
[    4.636021] Freeing initrd memory: 10840K (ffff880036ac4000 - ffff88003755a000)
[    4.661264] RAPL PMU detected, API unit is 2^-32 Joules, 3 fixed counters 10737418240 ms ovfl timer
[    4.671938] hw unit of domain pp0-core 2^-0 Joules
[    4.679972] hw unit of domain package 2^-0 Joules
[    4.701098] hw unit of domain pp1-gpu 2^-0 Joules
[    4.719987] platform rtc_cmos: registered platform RTC device (no PNP device found)
[    4.749851] Scanning for low memory corruption every 60 seconds
[    4.771450] audit: initializing netlink subsys (disabled)
[    4.791030] audit: type=2000 audit(1495736075.442:1): initialized
[    4.802849] Initialise system trusted keyring
[    4.805532] HugeTLB registered 2 MB page size, pre-allocated 0 pages
[    4.829445] zbud: loaded
[    4.841730] VFS: Disk quotas dquot_6.6.0
[    4.850326] VFS: Dquot-cache hash table entries: 512 (order 0, 4096 bytes)
[    4.868554] squashfs: version 4.0 (2009/01/31) Phillip Lougher
[    4.883562] fuse init (API version 7.23)
[    4.903793] Key type big_key registered
[    4.916982] Allocating IMA MOK and blacklist keyrings.
[    4.939336] Key type asymmetric registered
[    4.946586] Asymmetric key parser 'x509' registered
[    5.000597] Block layer SCSI generic (bsg) driver version 0.4 loaded (major 249)
[    5.019972] io scheduler noop registered
[    5.020900] io scheduler deadline registered (default)
[    5.060496] io scheduler cfq registered
[    5.090789] pci_hotplug: PCI Hot Plug PCI Core version: 0.5
[    5.146033] pciehp: PCI Express Hot Plug Controller Driver version: 0.4
[    5.188732] ACPI: AC Adapter [AC] (off-line)
[    5.242656] input: Power Button as /devices/LNXSYSTM:00/LNXPWRBN:00/input/input0
[    5.290377] ACPI: Power Button [PWRF]
[    5.308493] input: Sleep Button as /devices/LNXSYSTM:00/LNXSLPBN:00/input/input1
[    5.329042] ACPI: Sleep Button [SLPF]
[    5.350751] ACPI: Battery Slot [BAT0] (battery present)
[    5.358423] GHES: HEST is not enabled!
[    5.378964] Serial: 8250/16550 driver, 32 ports, IRQ sharing enabled
[    5.430789] 00:02: ttyS0 at I/O 0x3f8 (irq = 4, base_baud = 115200) is a 16550A
[    5.470544] Linux agpgart interface v0.103
[    5.489484] loop: module loaded
[    5.513112] scsi host0: ata_piix
[    5.527648] scsi host1: ata_piix
[    5.538328] ata1: PATA max UDMA/33 cmd 0x1f0 ctl 0x3f6 bmdma 0xd000 irq 14
[    5.548643] ata2: PATA max UDMA/33 cmd 0x170 ctl 0x376 bmdma 0xd008 irq 15
[    5.571009] libphy: Fixed MDIO Bus: probed
[    5.579425] tun: Universal TUN/TAP device driver, 1.6
[    5.605783] tun: (C) 1999-2004 Max Krasnyansky <maxk@qualcomm.com>
[    5.623538] PPP generic driver version 2.4.2
[    5.654621] ehci_hcd: USB 2.0 'Enhanced' Host Controller (EHCI) Driver
[    5.691766] ehci-pci: EHCI PCI platform driver
[    5.743485] tsc: Refined TSC clocksource calibration: 2793.566 MHz
[    5.769072] clocksource: tsc: mask: 0xffffffffffffffff max_cycles: 0x284482fcfb4, max_idle_ns: 440795340316 ns
[    5.769152] ehci-platform: EHCI generic platform driver
[    5.769170] ohci_hcd: USB 1.1 'Open' Host Controller (OHCI) Driver
[    5.769182] ohci-pci: OHCI PCI platform driver
[    5.769198] ohci-platform: OHCI generic platform driver
[    5.769207] uhci_hcd: USB Universal Host Controller Interface driver
[    5.769301] i8042: PNP: PS/2 Controller [PNP0303:PS2K,PNP0f03:PS2M] at 0x60,0x64 irq 1,12
[    5.769906] serio: i8042 KBD port at 0x60,0x64 irq 1
[    5.769912] serio: i8042 AUX port at 0x60,0x64 irq 12
[    5.801322] mousedev: PS/2 mouse device common for all mice
[    5.801624] input: AT Translated Set 2 keyboard as /devices/platform/i8042/serio0/input/input2
[    5.802001] rtc_cmos rtc_cmos: rtc core: registered rtc_cmos as rtc0
[    5.802061] rtc_cmos rtc_cmos: alarms up to one day, 114 bytes nvram
[    5.802068] i2c /dev entries driver
[    5.802126] device-mapper: uevent: version 1.0.3
[    5.802181] device-mapper: ioctl: 4.34.0-ioctl (2015-10-28) initialised: dm-devel@redhat.com
[    5.802202] ledtrig-cpu: registered to indicate activity on CPUs
[    5.802466] NET: Registered protocol family 10
[    5.802653] NET: Registered protocol family 17
[    5.802668] Key type dns_resolver registered
[    5.802857] microcode: CPU0 sig=0x206a7, pf=0x10, revision=0x0
[    5.805179] microcode: CPU1 sig=0x206a7, pf=0x10, revision=0x0
[    5.805215] microcode: Microcode Update Driver: v2.01 <tigran@aivazian.fsnet.co.uk>, Peter Oruba
[    5.805336] registered taskstats version 1
[    5.805348] Loading compiled-in X.509 certificates
[    5.806071] Loaded X.509 cert 'Build time autogenerated kernel key: 779fd75203f0d36b99b83c7328fac831ec7adf9e'
[    5.806100] zswap: loaded using pool lzo/zbud
[    5.807448] Key type trusted registered
[    5.809981] Key type encrypted registered
[    5.809989] AppArmor: AppArmor sha1 policy hashing enabled
[    5.809992] ima: No TPM chip found, activating TPM-bypass!
[    5.810019] evm: HMAC attrs: 0x1
[    5.810407]   Magic number: 1:949:241
[    5.814090] rtc_cmos rtc_cmos: setting system clock to 2017-05-25 18:14:33 UTC (1495736073)
[    5.814234] BIOS EDD facility v0.16 2004-Jun-25, 0 devices found
[    5.814234] EDD information not available.
[    6.731179] Freeing unused kernel memory: 1484K (ffffffff81f45000 - ffffffff820b8000)
[    6.740277] Write protecting the kernel read-only data: 14336k
[    6.769349] Freeing unused kernel memory: 1760K (ffff880001848000 - ffff880001a00000)
[    6.818083] Freeing unused kernel memory: 112K (ffff880001de4000 - ffff880001e00000)
Loading, please wait...
[    6.836477] random: systemd-udevd: uninitialized urandom read (16 bytes read, 4 bits of entropy available)
starting version 229
[    6.837038] random: udevadm: uninitialized urandom read (16 bytes read, 4 bits of entropy available)
[    6.837078] random: udevadm: uninitialized urandom read (16 bytes read, 4 bits of entropy available)
[    6.837195] random: udevadm: uninitialized urandom read (16 bytes read, 4 bits of entropy available)
[    6.837241] random: udevadm: uninitialized urandom read (16 bytes read, 4 bits of entropy available)
[    6.837288] random: udevadm: uninitialized urandom read (16 bytes read, 4 bits of entropy available)
[    6.837333] random: udevadm: uninitialized urandom read (16 bytes read, 4 bits of entropy available)
[    6.837378] random: udevadm: uninitialized urandom read (16 bytes read, 4 bits of entropy available)
[    6.837423] random: udevadm: uninitialized urandom read (16 bytes read, 4 bits of entropy available)
[    6.837466] random: udevadm: uninitialized urandom read (16 bytes read, 4 bits of entropy available)
[    7.199046] e1000: Intel(R) PRO/1000 Network Driver - version 7.3.21-k8-NAPI
[    7.226258] e1000: Copyright (c) 1999-2006 Intel Corporation.
[    7.242840] Fusion MPT base driver 3.04.20
[    7.245703] Copyright (c) 1999-2008 LSI Corporation
[    7.265780] Fusion MPT SPI Host driver 3.04.20
[    7.272824] AVX version of gcm_enc/dec engaged.
[    7.289187] AES CTR mode by8 optimization enabled
[    7.518771] input: ImExPS/2 Generic Explorer Mouse as /devices/platform/i8042/serio1/input/input4
[    7.645225] e1000 0000:00:03.0 eth0: (PCI:33MHz:32-bit) 02:fb:34:e1:96:ef
[    7.667875] e1000 0000:00:03.0 eth0: Intel(R) PRO/1000 Network Connection
[    8.109104] e1000 0000:00:08.0 eth1: (PCI:33MHz:32-bit) 08:00:27:fa:32:b1
[    8.128015] e1000 0000:00:08.0 eth1: Intel(R) PRO/1000 Network Connection
[    8.143926] mptbase: ioc0: Initiating bringup
[    8.144077] e1000 0000:00:08.0 enp0s8: renamed from eth1
[    8.197951] e1000 0000:00:03.0 enp0s3: renamed from eth0
[    8.300830] ioc0: LSI53C1030 A0: Capabilities={Initiator}
[    8.491332] scsi host2: ioc0: LSI53C1030 A0, FwRev=00000000h, Ports=1, MaxQ=256, IRQ=20
[    8.629374] scsi 2:0:0:0: Direct-Access     VBOX     HARDDISK         1.0  PQ: 0 ANSI: 5
[    8.636741] scsi target2:0:0: Beginning Domain Validation
[    8.644558] scsi target2:0:0: Domain Validation skipping write tests
[    8.666092] scsi target2:0:0: Ending Domain Validation
[    8.677392] scsi target2:0:0: asynchronous
[    8.699250] scsi 2:0:1:0: Direct-Access     VBOX     HARDDISK         1.0  PQ: 0 ANSI: 5
[    8.715427] scsi target2:0:1: Beginning Domain Validation
[    8.750063] scsi target2:0:1: Domain Validation skipping write tests
[    8.773413] scsi target2:0:1: Ending Domain Validation
[    8.791187] scsi target2:0:1: asynchronous
[    8.798319] sd 2:0:0:0: Attached scsi generic sg0 type 0
[    8.809646] sd 2:0:0:0: [sda] 20971520 512-byte logical blocks: (10.7 GB/10.0 GiB)
[    8.809844] sd 2:0:1:0: Attached scsi generic sg1 type 0
[    8.810013] sd 2:0:1:0: [sdb] 20480 512-byte logical blocks: (10.5 MB/10.0 MiB)
[    8.810196] sd 2:0:1:0: [sdb] Write Protect is off
[    8.810318] sd 2:0:1:0: [sdb] Incomplete mode parameter data
[    8.810319] sd 2:0:1:0: [sdb] Assuming drive cache: write through
[    8.811953] sd 2:0:1:0: [sdb] Attached SCSI disk
[    8.907839] sd 2:0:0:0: [sda] Write Protect is off
[    8.929270] sd 2:0:0:0: [sda] Incomplete mode parameter data
[    8.946264] sd 2:0:0:0: [sda] Assuming drive cache: write through
[    8.948916]  sda: sda1
[    8.963301] sd 2:0:0:0: [sda] Attached SCSI disk
[   10.260699] floppy0: no floppy controllers found
Begin: Loading essential drivers ... [   11.597913] md: linear personality registered for level -1
[   11.626722] md: multipath personality registered for level -4
[   11.636637] md: raid0 personality registered for level 0
[   11.658632] md: raid1 personality registered for level 1
[   11.740698] raid6: sse2x1   gen()  4080 MB/s
[   11.832681] raid6: sse2x1   xor()  6537 MB/s
[   11.937439] raid6: sse2x2   gen() 10853 MB/s
[   12.048418] raid6: sse2x2   xor()  7761 MB/s
[   12.128446] raid6: sse2x4   gen() 12243 MB/s
[   12.207036] raid6: sse2x4   xor()  9458 MB/s
[   12.269373] raid6: using algorithm sse2x4 gen() 12243 MB/s
[   12.298604] raid6: .... xor() 9458 MB/s, rmw enabled
[   12.324777] raid6: using ssse3x2 recovery algorithm
[   12.361105] xor: automatically using best checksumming function:
[   12.404799]    avx       : 18276.000 MB/sec
[   12.427335] async_tx: api initialized (async)
[   12.437764] md: raid6 personality registered for level 6
[   12.441417] md: raid5 personality registered for level 5
[   12.475470] md: raid4 personality registered for level 4
[   12.528539] md: raid10 personality registered for level 10
done.
Begin: Running /scripts/init-premount ... done.
Begin: Mounting root file system ... Begin: Running /scripts/local-top ... done.
Begin: Running /script[   12.574272] Btrfs loaded
s/local-premount ... Scanning for Btrfs filesystems
done.
Warning: fsck no[   12.617732] EXT4-fs (sda1): mounted filesystem with ordered data mode. Opts: (null)
t present, so skipping root file system
done.
Begin: Running /scripts/local-bottom ... done.
Begin: Running /scripts/init-bottom ... done.
[   12.874129] systemd[1]: systemd 229 running in system mode. (+PAM +AUDIT +SELINUX +IMA +APPARMOR +SMACK +SYSVINIT +UTMP +LIBCRYPTSETUP +GCRYPT +GNUTLS +ACL +XZ -LZ4 +SECCOMP +BLKID +ELFUTILS +KMOD -IDN)
[   12.925972] systemd[1]: Detected virtualization oracle.
[   12.940062] systemd[1]: Detected architecture x86-64.

Welcome to [1mUbuntu 16.04.2 LTS[0m!

[   12.972868] systemd[1]: Set hostname to <ubuntu>.
[   12.990414] systemd[1]: Initializing machine ID from random generator.
[   12.994098] systemd[1]: Installed transient /etc/machine-id file.
[   13.123362] systemd[1]: Reached target Encrypted Volumes.
[[0;32m  OK  [0m] Reached target Encrypted Volumes.
[   13.168764] systemd[1]: Listening on LVM2 metadata daemon socket.
[[0;32m  OK  [0m] Listening on LVM2 metadata daemon socket.
[   13.176100] systemd[1]: Reached target User and Group Name Lookups.
[[0;32m  OK  [0m] Reached target User and Group Name Lookups.
[   13.194136] systemd[1]: Listening on Device-mapper event daemon FIFOs.
[[0;32m  OK  [0m] Listening on Device-mapper event daemon FIFOs.
[   13.244739] systemd[1]: Started Forward Password Requests to Wall Directory Watch.
[[0;32m  OK  [0m] Started Forward Password Requests to Wall Directory Watch.
[   13.304711] systemd[1]: Listening on Syslog Socket.
[[0;32m  OK  [0m] Listening on Syslog Socket.
[   13.328881] systemd[1]: Listening on udev Control Socket.
[[0;32m  OK  [0m] Listening on udev Control Socket.
[   13.360143] systemd[1]: Listening on Journal Socket (/dev/log).
[[0;32m  OK  [0m] Listening on Journal Socket (/dev/log).
[   13.371984] systemd[1]: Listening on Journal Audit Socket.
[[0;32m  OK  [0m] Listening on Journal Audit Socket.
[   13.404946] systemd[1]: Listening on udev Kernel Socket.
[[0;32m  OK  [0m] Listening on udev Kernel Socket.
[   13.414935] systemd[1]: Listening on LVM2 poll daemon socket.
[[0;32m  OK  [0m] Listening on LVM2 poll daemon socket.
[   13.429004] systemd[1]: Created slice System Slice.
[[0;32m  OK  [0m] Created slice System Slice.
[   13.448440] systemd[1]: Created slice system-serial\x2dgetty.slice.
[[0;32m  OK  [0m] Created slice system-serial\x2dgetty.slice.
[   13.485106] systemd[1]: Started Trigger resolvconf update for networkd DNS.
[[0;32m  OK  [0m] Started Trigger resolvconf update for networkd DNS.
[   13.500191] systemd[1]: Set up automount Arbitrary Executable File Formats File System Automount Point.
[[0;32m  OK  [0m] Set up automount Arbitrary Executab...ats File System Automount Point.
[   13.556873] systemd[1]: Listening on /dev/initctl Compatibility Named Pipe.
[[0;32m  OK  [0m] Listening on /dev/initctl Compatibility Named Pipe.
[   13.604873] systemd[1]: Reached target Swap.
[[0;32m  OK  [0m] Reached target Swap.
[   13.653011] systemd[1]: Created slice User and Session Slice.
[[0;32m  OK  [0m] Created slice User and Session Slice.
[   13.687406] systemd[1]: Reached target Slices.
[[0;32m  OK  [0m] Reached target Slices.
[   13.712691] systemd[1]: Listening on Journal Socket.
[[0;32m  OK  [0m] Listening on Journal Socket.
[   13.749113] systemd[1]: Mounting Huge Pages File System...
         Mounting Huge Pages File System...
[   13.805132] systemd[1]: Starting Load Kernel Modules...
         Starting Load Ke[   13.822626] Loading iSCSI transport class v2.0-870.
rnel Modules...
[   13.843916] systemd[1]: Starting Nameserver information manager...
         Starting Nameserver information manager...
[   13.852879] iscsi: registered transport (tcp)
[   13.853637] systemd[1]: Mounting Debug File System...
         Mounting Debug File System...
[   13.873303] systemd[1]: Starting Set console keymap...
         Starting Set console keymap...
[   13.897462] iscsi: registered transport (iser)
[   13.901597] systemd[1]: Starting Journal Service...
         Starting Journal Service...
[   13.964731] systemd[1]: Starting Remount Root and Kernel File Systems...
[   13.974225] EXT4-fs (sda1): re-mounted. Opts: (null)
         Starting Remount Root and Kernel File Systems...
[   14.014246] systemd[1]: Starting Create list of required static device nodes for the current kernel...
         Starting Create list of required st... nodes for the current kernel...
[   14.084651] systemd[1]: Starting Uncomplicated firewall...
         Starting Uncomplicated firewall...
[   14.091844] systemd[1]: Starting Monitoring of LVM2 mirrors, snapshots etc. using dmeventd or progress polling...
[   14.093870] random: nonblocking pool is initialized
         Starting Monitoring of LVM2 mirrors... dmeventd or progress polling...
[   14.150693] systemd[1]: Mounting POSIX Message Queue File System...
         Mounting POSIX Message Queue File System...
[   14.185280] systemd[1]: Mounted POSIX Message Queue File System.
[[0;32m  OK  [0m] Mounted POSIX Message Queue File System.
[   14.256731] systemd[1]: Mounted Debug File System.
[[0;32m  OK  [0m] Mounted Debug File System.
[   14.288977] systemd[1]: Mounted Huge Pages File System.
[[0;32m  OK  [0m] Mounted Huge Pages File System.
[   14.320846] systemd[1]: Started Journal Service.
[[0;32m  OK  [0m] Started Journal Service.
[[0;32m  OK  [0m] Started Load Kernel Modules.
[[0;32m  OK  [0m] Started Set console keymap.
[[0;32m  OK  [0m] Started Remount Root and Kernel File Systems.
[[0;32m  OK  [0m] Started Create list of required sta...ce nodes for the current kernel.
[[0;32m  OK  [0m] Started Uncomplicated firewall.
[[0;32m  OK  [0m] Started Nameserver information manager.
[[0;32m  OK  [0m] Started LVM2 metadata daemon.
         Starting Create Static Device Nodes in /dev...
         Starting Initial cloud-init job (pre-networking)...
         Starting Load/Save Random Seed...
         Starting udev Coldplug all Devices...
         Starting Apply Kernel Variables...
         Mounting FUSE Control File System...
         Starting Flush Journal to Persistent Storage...
[[0;32m  OK  [0m] Mounted FUSE Control File System.
[[0;32m  OK  [0m] Started Create Static Device Nodes in /dev.
[[0;32m  OK  [0m] Started Load/Save Random Seed.
[[0;32m  OK  [0m] Started Apply Kernel Variables.
[[0;32m  OK  [0m] Started udev Coldplug all Devices.
[[0;32m  OK  [0m] Started Flush Journal to Persistent Storage.
         Starting udev Kernel Device Manager...
[[0;32m  OK  [0m] Started udev Kernel Device Manager.
[[0;32m  OK  [0m] Started Monitoring of LVM2 mirrors,...ng dmeventd or progress polling.
[[0;32m  OK  [0m] Started Dispatch Password Requests to Console Directory Watch.
[[0;32m  OK  [0m] Reached target Local File Systems (Pre).
[[0;32m  OK  [0m] Reached target Local File Systems.
         Starting Create Volatile Files and Directories...
         Starting LSB: AppArmor initialization...
         Starting Tell Plymouth To Write Out Runtime Data...
         Starting Commit a transient machine-id on disk...
         Starting Set console font and keymap...
[[0;32m  OK  [0m] Started Create Volatile Files and Directories.
[[0;32m  OK  [0m] Started Tell Plymouth To Write Out Runtime Data.
[[0;32m  OK  [0m] Started Commit a transient machine-id on disk.
[[0;32m  OK  [0m] Found device /dev/ttyS0.
[[0;32m  OK  [0m] Reached target System Time Synchronized.
         Starting Update UTMP about System Boot/Shutdown...
[[0;32m  OK  [0m] Started Update UTMP about System Boot/Shutdown.
[[0;32m  OK  [0m] Listening on Load/Save RF Kill Switch Status /dev/rfkill Watch.
[   13.785982] cloud-init[449]: Cloud-init v. 0.7.9 running 'init-local' at Thu, 25 May 2017 18:14:43 +0000. Up 13.25 seconds.
[[0;32m  OK  [0m] Started Initial cloud-init job (pre-networking).
[[0;32m  OK  [0m] Reached target Network (Pre).
[[0;32m  OK  [0m] Started LSB: AppArmor initialization.
         Starting Raise network interfaces...
[[0;32m  OK  [0m] Started Set console font and keymap.
[[0;32m  OK  [0m] Created slice system-getty.slice.
[[0;32m  OK  [0m] Started Raise network interfaces.
[[0;32m  OK  [0m] Reached target Network.
         Starting Initial cloud-init job (metadata service crawler)...
[   17.259900] cloud-init[970]: Cloud-init v. 0.7.9 running 'init' at Thu, 25 May 2017 18:14:46 +0000. Up 16.75 seconds.
[   17.368896] cloud-init[970]: ci-info: ++++++++++++++++++++++++++++++++++++++Net device info++++++++++++++++++++++++++++++++++++++
[   17.444776] cloud-init[970]: ci-info: +--------+-------+----------------------------+---------------+-------+-------------------+
[[0;32m  OK  [0m] Started Initial cloud-init job (metadata service crawler).
[[   17.475194] cloud-init[970]: ci-info: | Device |   Up  |          Address           |      Mask     | Scope |     Hw-Address    |
[   17.522168] cloud-init[970]: ci-info: +--------+-------+----------------------------+---------------+-------+-------------------+
[   17.522413] cloud-init[970]: ci-info: |   lo   |  True |         127.0.0.1          |   255.0.0.0   |   .   |         .         |
[   17.522677] cloud-init[970]: ci-info: |   lo   |  True |          ::1/128           |       .       |  host |         .         |
[0;32m  OK  [0m] Reached target Network is Online.
[   17.523113] cloud-init[970]: ci-info: | enp0s3 |  True |         10.0.2.15          | 255.255.255.0 |   .   | 02:fb:34:e1:96:ef |
[   17.725698] cloud-init[970]: ci-info: | enp0s3 |  True | fe80::fb:34ff:fee1:96ef/64 |       .       |  link | 02:fb:34:e1:96:ef |
[   17.726089] cloud-init[970]: ci-info: | enp0s8 | False |             .              |       .       |   .   | 08:00:27:fa:32:b1 |
         Starting iSCSI initiator daemon (iscsid)...
[   17.726243] cloud-init[970]: ci-info: +--------+-------+----------------------------+---------------+-------+-------------------+
[   17.848551] cloud-init[970]: ci-info: +++++++++++++++++++++++++++Route IPv4 info++++++++++++++++++++++++++++
[[0;32m  OK  [0m] Reached target System Initialization.
[   17.848759] cloud-init[970]: ci-info: +-------+-------------+----------+---------------+-----------+-------+
[   17.973763] cloud-init[970]: ci-info: | Route | Destination | Gateway  |    Genmask    | Interface | Flags |
[[0;32m  OK  [0m] Listening on ACPID Listen Socket.
[[   17.974005] cloud-init[970]: ci-info: +-------+-------------+----------+---------------+-----------+-------+
[   18.016214] cloud-init[970]: ci-info: |   0   |   0.0.0.0   | 10.0.2.2 |    0.0.0.0    |   enp0s3  |   UG  |
[   18.016421] cloud-init[970]: ci-info: |   1   |   10.0.2.0  | 0.0.0.0  | 255.255.255.0 |   enp0s3  |   U   |
[   18.016670] cloud-init[970]: ci-info: +-------+-------------+----------+---------------+-----------+-------+
[0;32m  OK  [0m] Listening on UUID daemon activation socket.
[   18.016911] cloud-init[970]: Generating public/private rsa key pair.
[[0;32m  OK  [0m] Started Timer to automatically refresh installed snaps.
[   18.183411] cloud-init[970]: Your identification has been saved in /etc/ssh/ssh_host_rsa_key.
[   18.238822] cloud-init[970]: Your public key has been saved in /etc/ssh/ssh_host_rsa_key.pub.
[[0;32m  OK  [0m] Listening on D-Bus System Message Bus Socket.
[[   18.239071] cloud-init[970]: The key fingerprint is:
[   18.284945] cloud-init[970]: SHA256:jw7SdNZwPuvp950KFduLUkcK14OteAzDRyI8Y/hrldE root@ubuntu-xenial
[0;32m  OK  [0m] Started Daily apt activities.
[   18.285151] cloud-init[970]: The key's randomart image is:
[   18.376289] cloud-init[970]: +---[RSA 2048]----+
[   18.376651] cloud-init[970]: |        o. ...   |
[[0;32m  OK  [0m] Started ACPI Events Check.
[   18.376949] cloud-init[970]: |       . =o.oE+  |
[   18.423001] cloud-init[970]: |        + +=o= = |
[[0;32m  OK  [0m] Reached target Paths.
[[   18.476915] cloud-init[970]: |         * oO B .|
[0;32m  OK  [0m[   18.477192] cloud-init[970]: |      . S *. O o |
] Started Daily Cleanup of Temporary Directories.
[   18.477547] cloud-init[970]: |     o o = o+ o .|
[   18.557186] cloud-init[970]: |    . o o oo . . |
[[0;32m  OK  [0m] Reached target Timers.
         Starting LXD - unix socket.
         Starting Socket activation for snappy daemon.
[[0;32m  OK  [0m] Reached target Cloud-config availability.
[   18.557438] cloud-init[970]: |     . o . .+  ..|
[   18.712601] cloud-init[970]: |        ..+. oo..|
[   18.713188] cloud-init[970]: +----[SHA256]-----+
[[0;32m  OK  [0m] Listening on LXD - unix socket.
[   18.713399] cloud-init[970]: Generating public/private dsa key pair.
[   18.815071] cloud-init[970]: Your identification has been saved in /etc/ssh/ssh_host_dsa_key.
[[0;32m  OK  [0m] Listening on Socket activation for snappy daemon.
[[   18.815239] cloud-init[970]: Your public key has been saved in /etc/ssh/ssh_host_dsa_key.pub.
[   18.905339] cloud-init[970]: The key fingerprint is:
[0;32m  OK  [0m] Started iSCSI initiator daemon (iscsid).
[   18.905700] cloud-init[970]: SHA256:k5weJWIKryBlfkJsB8isV6aO3CgASaP38aSmhOu8kek root@ubuntu-xenial
[   19.044499] cloud-init[970]: The key's randomart image is:
[   19.044989] cloud-init[970]: +---[DSA 1024]----+
         Starting Login to default iSCSI targets...
[   19.045277] cloud-init[970]: |+=.              |
[   19.097739] cloud-init[970]: |=+..o            |
[   19.097991] cloud-init[970]: |+ O+o + . .      |
[   19.098229] cloud-init[970]: |oOo= B o =       |
[[0;32m  OK  [0m] Reached target Sockets.
[   19.098469] cloud-init[970]: |*+* B . S        |
[   19.169035] cloud-init[970]: |+*+B   . o       |
[[0;32m  OK  [0m] Reached target Basic System.
[   19.169276] cloud-init[970]: |o+o     .        |
[   19.244494] cloud-init[970]: |+ .              |
[   19.245049] cloud-init[970]: | E.              |
[[0;32m  OK  [0m] Started Regular background program processing daemon.
[   19.245360] cloud-init[970]: +----[SHA256]-----+
[   19.364590] cloud-init[970]: Generating public/private ecdsa key pair.
         Starting Apply the settings specified in cloud-config...
[   19.421143] cloud-init[970]: Your identification has been saved in /etc/ssh/ssh_host_ecdsa_key.
[[0;32m  OK  [0m] Started FUSE filesystem for LXC.
[   19.575191] cloud-init[970]: Your public key has been saved in /etc/ssh/ssh_host_ecdsa_key.pub.
[   19.594098] cloud-init[970]: The key fingerprint is:
[   19.596884] cloud-init[970]: SHA256:hh8354rGZxSb+C34SNulMSQTc9tPFdYQ8CFmZ6/25e4 root@ubuntu-xenial
[   19.614768] cloud-init[970]: The key's randomart image is:
[[0;32m  OK  [0m] Started ACPI event daemon.
[   19.623962] cloud-init[970]: +---[ECDSA 256]---+
         Starting Pollinate to seed the pseudo random number generator...
[   19.669618] cloud-init[970]: |            =.*=.|
[[0;32m  OK  [0m] Started D-Bus System Message Bus.
[   19.731431] cloud-init[970]: |           o =.oo|
         Starting Accounts Service...
[   19.813395] cloud-init[970]: |        o .   . o|
[[0;32m  OK  [0m[   19.874278] ] cloud-initStarted Deferred execution scheduler.[970]: 
|       . +.o   o |
[   19.936503] cloud-init[970]: |      . S.=+o + .|
[   19.937458] cloud-init[970]: |       o.*++ + o.|
         Starting LSB: MD monitoring daemon...
[   19.938529] cloud-init[970]: |       .o+o.o . o|
[   19.975642] cloud-init[970]: |       .+==*.  . |
[   19.983904] cloud-init[970]: |       .++=.   .E|
         Starting Login Service...
[   20.008833] cloud-init[970]: +----[SHA256]-----+
[   20.062842]          Starting System Logging Service...
[[0;32m  OK  [0m] Started Unattended Upgrades Shutdown.
cloud-init[970]: Generating public/private ed25519 key pair.
[[0;32m  OK  [0m] Started Snappy daemon.
[   20.087862] cloud-init[970]: Your identification has been saved in /etc/ssh/ssh_host_ed25519_key.
         Starting Auto import assertions from block devices...
         Starting /etc/rc.local Compatibility...
[   20.117929]          Starting LSB: Record successful boot for GRUB...
         Starting LXD - container startup/shutdown...
[[0;32m  OK  [0m] Started System Logging Service.
[[0;32m  OK  [0m] Started /etc/rc.local Compatibility.
cloud-init[970]: Your public key has been saved in /etc/ssh/ssh_host_ed25519_key.pub.
[   20.156469] cloud-init[970]: The key fingerprint is:
[[0;32m  OK  [0m] [   20.175629] Started Auto import assertions from block devices.
cloud-init[970]: SHA256:ZmPw+AkqCKlnrN4/ORmjTIyV3z5gbC13qpI3hj5QlKM root@ubuntu-xenial
[   20.229106] cloud-init[970]: The key's randomart image is:
[   20.252556] cloud-init[970]: +--[ED25519 256]--+
[   20.261851] cloud-init[970]: |    .            |
[   20.263005] cloud-init[970]: |   +             |
[[0;32m  OK  [0m] Started Login to default iSCSI targets.
[[0;32m  OK  [0m] Started Pollinate to seed the pseudo random number generator.
[   20.263500] cloud-init[970]: |  o o .          |
[   20.318506] cloud-init[970]: | E +   +         |
[   20.334363] cloud-init[970]: |o = o = S        |
[   20.369216] cloud-init[970]: |o= o @ X +       |
         Starting Authenticate and Authorize Users to Run Privileged Tasks...
[   20.397223] cloud-init[970]: |o O B X =        |
[   20.436679] cloud-init[970]: | +.O O +         |
[   20.452427]          cloud-initStarting OpenBSD Secure Shell server...[970]: 
|o..o*o= .        |
[   20.468669] [[0;32m  OK  [0m] Reached target Remote File Systems (Pre).
[[0;32m  OK  [0m] Reached target Remote File Systems.
         Starting LSB: daemon to balance interrupts for SMP systems...
         Starting Permit User Sessions...
         Starting LSB: automatic crash report generation...
         Starting LSB: Set the CPU Frequency Scaling governor to "ondemand"...
         Starting LSB: VirtualBox Linux Additions...
[[0;32m  OK  [0m] Started OpenBSD Secure Shell server.
[[0;32m  OK  [0m] Started LSB: MD monitoring daemon.
cloud-init[970]: +----[SHA256]-----+
[[0;32m  OK  [0m] Started LSB: Record successful boot for GRUB.
[[0;32m  OK  [0m] Started LXD - container startup/shutdown.
[   20.563091] cloud-init[1072]: Generating locales (this might take a while)...
[[0;32m  OK  [0m] Started Permit User Sessions.
[[0;32m  OK  [0m] Started Login Service.
[[0;32m  OK  [0m] Started Authenticate and Authorize Users to Run Privileged Tasks.
[[0;32m  OK  [0m] Started Accounts Service.
[[0;32m  OK  [0m] Started LSB: daemon to balance interrupts for SMP systems.
[[0;32m  OK  [0m] Started LSB: Set the CPU Frequency Scaling governor to "ondemand".
[[0;32m  OK  [0m] Started LSB: automatic crash report generation.
         Starting Terminate Plymouth Boot Screen...
         Starting Hold until boot process finishes up...
[[0;32m  OK  [0m] Started LSB: VirtualBox Linux Additions.
[[0;32m  OK  [0m] Started Terminate Plymouth Boot Screen.
[[0;32m  OK  [0m] Started Hold until boot process finishes up.
         Starting Set console scheme...
[[0;32m  OK  [0m] Started Serial Getty on ttyS0.
[[0;32m  OK  [0m] Started Getty on tty1.
[[0;32m  OK  [0m] Reached target Login Prompts.
[[0;32m  OK  [0m] Reached target Multi-User System.
[[0;32m  OK  [0m] Reached target Graphical Interface.
         Starting Update UTMP about System Runlevel Changes...
[[0;32m  OK  [0m] Started Set console scheme.
[[0;32m  OK  [0m] Started Update UTMP about System Runlevel Changes.
[   22.277749] cloud-init[1072]:   en_US.UTF-8... done
[   22.291076] cloud-init[1072]: Generation complete.
         Stopping OpenBSD Secure Shell server...
[[0;32m  OK  [0m] Stopped OpenBSD Secure Shell server.
         Starting OpenBSD Secure Shell server...
[[0;32m  OK  [0m] Started OpenBSD Secure Shell server.
[[0;32m  OK  [0m] Created slice User Slice of ubuntu.
         Starting User Manager for UID 1000...
[[0;32m  OK  [0m] Started User Manager for UID 1000.
[[0;32m  OK  [0m] Started Session 1 of user ubuntu.
[   22.860276] cloud-init[1072]: Cloud-init v. 0.7.9 running 'modules:config' at Thu, 25 May 2017 18:14:49 +0000. Up 20.05 seconds.
[[0;32m  OK  [0m] Started Apply the settings specified in cloud-config.
         Starting Execute cloud user/final scripts...
ci-info: no authorized ssh keys fingerprints found for user ubuntu.
<14>May 25 18:14:53 ec2: 
<14>May 25 18:14:53 ec2: #############################################################
<14>May 25 18:14:53 ec2: -----BEGIN SSH HOST KEY FINGERPRINTS-----
<14>May 25 18:14:53 ec2: 1024 SHA256:k5weJWIKryBlfkJsB8isV6aO3CgASaP38aSmhOu8kek root@ubuntu-xenial (DSA)
<14>May 25 18:14:53 ec2: 256 SHA256:hh8354rGZxSb+C34SNulMSQTc9tPFdYQ8CFmZ6/25e4 root@ubuntu-xenial (ECDSA)
<14>May 25 18:14:53 ec2: 256 SHA256:ZmPw+AkqCKlnrN4/ORmjTIyV3z5gbC13qpI3hj5QlKM root@ubuntu-xenial (ED25519)
<14>May 25 18:14:53 ec2: 2048 SHA256:jw7SdNZwPuvp950KFduLUkcK14OteAzDRyI8Y/hrldE root@ubuntu-xenial (RSA)
<14>May 25 18:14:53 ec2: -----END SSH HOST KEY FINGERPRINTS-----
<14>May 25 18:14:53 ec2: #############################################################
-----BEGIN SSH HOST KEY KEYS-----
ecdsa-sha2-nistp256 AAAAE2VjZHNhLXNoYTItbmlzdHAyNTYAAAAIbmlzdHAyNTYAAABBBMDFUJ5C8g53v8W4Yrqv26iS5HcxsRDPjqmqXuFBYTXw49kH/pYSE2mmgzOk6Mc8wmd7fXnKHQfApcDDZI44wVo= root@ubuntu-xenial
ssh-ed25519 AAAAC3NzaC1lZDI1NTE5AAAAIFAnCCcMBT3KVJwj4+aYDer9LW6MF6A0CGLmmfHRECqs root@ubuntu-xenial
ssh-rsa AAAAB3NzaC1yc2EAAAADAQABAAABAQDSH/tDYpKjq393Ool68QKlApT118xXZ0RwvrfXb5fPUrAH3pnXlPHhRrXsZYT63kOV3HvtC/SX0Tlc+PyrvqD4aqaSDEESffsNvX4Y2nMF2l5f5gjZUkfQauS3QtkXuZ4xPn/0kA4iAxDdvjdZ0tNaUaZuw8QjtSmPaEUWL520zhYFAaPbuE8nwms4ab1OLTSy0ASJt0unJFt3ftZCDMQawAs2WM0eO9soIz+ZDl6Iea05jLOggvEREZ3GkWFsi+M9UY5vGT4FS0HNKKcKnaNlarRAxWZVjbDazuNVuLS4xwZ4jgIE8L815Kou0flBHEz6VbQtVe6EQhvl/uJvRWOZ root@ubuntu-xenial
-----END SSH HOST KEY KEYS-----
[   24.101536] cloud-init[1415]: Cloud-init v. 0.7.9 running 'modules:final' at Thu, 25 May 2017 18:14:53 +0000. Up 23.58 seconds.
[   24.106429] cloud-init[1415]: ci-info: no authorized ssh keys fingerprints found for user ubuntu.
[   24.111541] cloud-init[1415]: Cloud-init v. 0.7.9 finished at Thu, 25 May 2017 18:14:53 +0000. Datasource DataSourceNoCloud [seed=/dev/sdb][dsmode=net].  Up 24.09 seconds
[[0;32m  OK  [0m] Started Execute cloud user/final scripts.
[[0;32m  OK  [0m] Reached target Cloud-init target.

Ubuntu 16.04.2 LTS ubuntu-xenial ttyS0

ubuntu-xenial login: 